Archive member included to satisfy reference by file (symbol)

/usr/lib/gcc/arm-none-eabi/4.9.3/../../../arm-none-eabi/lib/armv7e-m/libg.a(lib_a-atexit.o)
                              /usr/lib/gcc/arm-none-eabi/4.9.3/../../../arm-none-eabi/lib/armv7e-m/crt0.o (atexit)
/usr/lib/gcc/arm-none-eabi/4.9.3/../../../arm-none-eabi/lib/armv7e-m/libg.a(lib_a-exit.o)
                              /usr/lib/gcc/arm-none-eabi/4.9.3/../../../arm-none-eabi/lib/armv7e-m/crt0.o (exit)
/usr/lib/gcc/arm-none-eabi/4.9.3/../../../arm-none-eabi/lib/armv7e-m/libg.a(lib_a-fini.o)
                              /usr/lib/gcc/arm-none-eabi/4.9.3/../../../arm-none-eabi/lib/armv7e-m/crt0.o (__libc_fini_array)
/usr/lib/gcc/arm-none-eabi/4.9.3/../../../arm-none-eabi/lib/armv7e-m/libg.a(lib_a-impure.o)
                              /usr/lib/gcc/arm-none-eabi/4.9.3/../../../arm-none-eabi/lib/armv7e-m/libg.a(lib_a-exit.o) (_global_impure_ptr)
/usr/lib/gcc/arm-none-eabi/4.9.3/../../../arm-none-eabi/lib/armv7e-m/libg.a(lib_a-init.o)
                              /usr/lib/gcc/arm-none-eabi/4.9.3/../../../arm-none-eabi/lib/armv7e-m/crt0.o (__libc_init_array)
/usr/lib/gcc/arm-none-eabi/4.9.3/../../../arm-none-eabi/lib/armv7e-m/libg.a(lib_a-memset.o)
                              /usr/lib/gcc/arm-none-eabi/4.9.3/../../../arm-none-eabi/lib/armv7e-m/crt0.o (memset)
/usr/lib/gcc/arm-none-eabi/4.9.3/../../../arm-none-eabi/lib/armv7e-m/libg.a(lib_a-puts.o)
                              ../build/main.o (puts)
/usr/lib/gcc/arm-none-eabi/4.9.3/../../../arm-none-eabi/lib/armv7e-m/libg.a(lib_a-reent.o)
                              ../build/syscalls.o (errno)
/usr/lib/gcc/arm-none-eabi/4.9.3/../../../arm-none-eabi/lib/armv7e-m/libg.a(lib_a-strlen.o)
                              /usr/lib/gcc/arm-none-eabi/4.9.3/../../../arm-none-eabi/lib/armv7e-m/libg.a(lib_a-puts.o) (strlen)
/usr/lib/gcc/arm-none-eabi/4.9.3/../../../arm-none-eabi/lib/armv7e-m/libg.a(lib_a-__atexit.o)
                              /usr/lib/gcc/arm-none-eabi/4.9.3/../../../arm-none-eabi/lib/armv7e-m/libg.a(lib_a-atexit.o) (__register_exitproc)
/usr/lib/gcc/arm-none-eabi/4.9.3/../../../arm-none-eabi/lib/armv7e-m/libg.a(lib_a-__call_atexit.o)
                              /usr/lib/gcc/arm-none-eabi/4.9.3/../../../arm-none-eabi/lib/armv7e-m/libg.a(lib_a-exit.o) (__call_exitprocs)
/usr/lib/gcc/arm-none-eabi/4.9.3/../../../arm-none-eabi/lib/armv7e-m/libg.a(lib_a-findfp.o)
                              /usr/lib/gcc/arm-none-eabi/4.9.3/../../../arm-none-eabi/lib/armv7e-m/libg.a(lib_a-puts.o) (__sinit)
/usr/lib/gcc/arm-none-eabi/4.9.3/../../../arm-none-eabi/lib/armv7e-m/libg.a(lib_a-freer.o)
                              /usr/lib/gcc/arm-none-eabi/4.9.3/../../../arm-none-eabi/lib/armv7e-m/libg.a(lib_a-reent.o) (_free_r)
/usr/lib/gcc/arm-none-eabi/4.9.3/../../../arm-none-eabi/lib/armv7e-m/libg.a(lib_a-fvwrite.o)
                              /usr/lib/gcc/arm-none-eabi/4.9.3/../../../arm-none-eabi/lib/armv7e-m/libg.a(lib_a-puts.o) (__sfvwrite_r)
/usr/lib/gcc/arm-none-eabi/4.9.3/../../../arm-none-eabi/lib/armv7e-m/libg.a(lib_a-fwalk.o)
                              /usr/lib/gcc/arm-none-eabi/4.9.3/../../../arm-none-eabi/lib/armv7e-m/libg.a(lib_a-findfp.o) (_fwalk)
/usr/lib/gcc/arm-none-eabi/4.9.3/../../../arm-none-eabi/lib/armv7e-m/libg.a(lib_a-mallocr.o)
                              /usr/lib/gcc/arm-none-eabi/4.9.3/../../../arm-none-eabi/lib/armv7e-m/libg.a(lib_a-findfp.o) (_malloc_r)
/usr/lib/gcc/arm-none-eabi/4.9.3/../../../arm-none-eabi/lib/armv7e-m/libg.a(lib_a-memchr.o)
                              /usr/lib/gcc/arm-none-eabi/4.9.3/../../../arm-none-eabi/lib/armv7e-m/libg.a(lib_a-fvwrite.o) (memchr)
/usr/lib/gcc/arm-none-eabi/4.9.3/../../../arm-none-eabi/lib/armv7e-m/libg.a(lib_a-memcpy.o)
                              /usr/lib/gcc/arm-none-eabi/4.9.3/../../../arm-none-eabi/lib/armv7e-m/libg.a(lib_a-fvwrite.o) (memcpy)
/usr/lib/gcc/arm-none-eabi/4.9.3/../../../arm-none-eabi/lib/armv7e-m/libg.a(lib_a-memmove.o)
                              /usr/lib/gcc/arm-none-eabi/4.9.3/../../../arm-none-eabi/lib/armv7e-m/libg.a(lib_a-fvwrite.o) (memmove)
/usr/lib/gcc/arm-none-eabi/4.9.3/../../../arm-none-eabi/lib/armv7e-m/libg.a(lib_a-mlock.o)
                              /usr/lib/gcc/arm-none-eabi/4.9.3/../../../arm-none-eabi/lib/armv7e-m/libg.a(lib_a-freer.o) (__malloc_lock)
/usr/lib/gcc/arm-none-eabi/4.9.3/../../../arm-none-eabi/lib/armv7e-m/libg.a(lib_a-reallocr.o)
                              /usr/lib/gcc/arm-none-eabi/4.9.3/../../../arm-none-eabi/lib/armv7e-m/libg.a(lib_a-fvwrite.o) (_realloc_r)
/usr/lib/gcc/arm-none-eabi/4.9.3/../../../arm-none-eabi/lib/armv7e-m/libg.a(lib_a-sbrkr.o)
                              /usr/lib/gcc/arm-none-eabi/4.9.3/../../../arm-none-eabi/lib/armv7e-m/libg.a(lib_a-freer.o) (_sbrk_r)
/usr/lib/gcc/arm-none-eabi/4.9.3/../../../arm-none-eabi/lib/armv7e-m/libg.a(lib_a-stdio.o)
[...]
Memory Configuration

Name             Origin             Length             Attributes
FLASH            0x0000000008000000 0x0000000000080000 xr
RAM              0x0000000020000000 0x0000000000020000 xrw
*default*        0x0000000000000000 0xffffffffffffffff

Linker script and memory map

LOAD /usr/lib/gcc/arm-none-eabi/4.9.3/armv7e-m/crti.o
LOAD /usr/lib/gcc/arm-none-eabi/4.9.3/armv7e-m/crtbegin.o
LOAD /usr/lib/gcc/arm-none-eabi/4.9.3/../../../arm-none-eabi/lib/armv7e-m/crt0.o
LOAD ../build/main.o
LOAD ../build/stm32f4xx_hal.o
LOAD ../build/stm32f4xx_hal_uart.o
LOAD ../build/stm32f4xx_hal_tim.o
LOAD ../build/stm32f4xx_hal_gpio.o
LOAD ../build/stm32f4xx_hal_rcc.o
LOAD ../build/stm32f4xx_hal_cortex.o
LOAD ../build/stm32f4xx_hal_dma.o
LOAD ../build/stm32f4xx_hal_tim_ex.o
LOAD ../build/system_stm32f4xx.o
LOAD ../build/syscalls.o
LOAD ../build/startup_stm32f411xe.o
START GROUP
LOAD /usr/lib/gcc/arm-none-eabi/4.9.3/armv7e-m/libgcc.a
LOAD /usr/lib/gcc/arm-none-eabi/4.9.3/../../../arm-none-eabi/lib/armv7e-m/libg.a
LOAD /usr/lib/gcc/arm-none-eabi/4.9.3/../../../arm-none-eabi/lib/armv7e-m/libc.a
END GROUP
LOAD /usr/lib/gcc/arm-none-eabi/4.9.3/armv7e-m/crtend.o
LOAD /usr/lib/gcc/arm-none-eabi/4.9.3/armv7e-m/crtn.o
                0x000000002001ffff                _estack = 0x2001ffff
                0x0000000000000200                _Min_Heap_Size = 0x200
                0x0000000000000400                _Min_Stack_Size = 0x400

.isr_vector     0x0000000008000000      0x198
                0x0000000008000000                . = ALIGN (0x4)
 *(.isr_vector)
 .isr_vector    0x0000000008000000      0x198 ../build/startup_stm32f411xe.o
                0x0000000008000000                g_pfnVectors
                0x0000000008000198                . = ALIGN (0x4)

.text           0x0000000008000198     0x3684
                0x0000000008000198                . = ALIGN (0x4)
 *(.text)
 .text          0x0000000008000198       0xa4 /usr/lib/gcc/arm-none-eabi/4.9.3/armv7e-m/crtbegin.o
 .text          0x000000000800023c      0x134 /usr/lib/gcc/arm-none-eabi/4.9.3/../../../arm-none-eabi/lib/armv7e-m/libg.a(lib_a-memcpy.o)
                0x000000000800023c                memcpy
 *(.text*)
 .text.main     0x0000000008000370      0x148 ../build/main.o
                0x0000000008000370                main
 .text.TIM4_IRQHandler
                0x00000000080004b8       0x14 ../build/main.o
                0x00000000080004b8                TIM4_IRQHandler
 .text.SystemClock_Config
                0x00000000080004cc       0xac ../build/main.o
 .text.Error_Handler
                0x0000000008000578        0x8 ../build/main.o
 .text.__io_putchar
                0x0000000008000580       0x28 ../build/main.o
                0x0000000008000580                __io_putchar
 .text.HAL_Init
                0x00000000080005a8       0x44 ../build/stm32f4xx_hal.o
                0x00000000080005a8                HAL_Init
 .text.HAL_MspInit
                0x00000000080005ec        0xc ../build/stm32f4xx_hal.o
                0x00000000080005ec                HAL_MspInit
 .text.HAL_InitTick
                0x00000000080005f8       0x38 ../build/stm32f4xx_hal.o
                0x00000000080005f8                HAL_InitTick
 .text.HAL_GetTick
                0x0000000008000630       0x18 ../build/stm32f4xx_hal.o
                0x0000000008000630                HAL_GetTick
 .text.HAL_Delay
                0x0000000008000648       0x2c ../build/stm32f4xx_hal.o
                0x0000000008000648                HAL_Delay
 .text.HAL_UART_Init
                0x0000000008000674       0x94 ../build/stm32f4xx_hal_uart.o
                0x0000000008000674                HAL_UART_Init
 .text.HAL_UART_MspInit
                0x0000000008000708       0x14 ../build/stm32f4xx_hal_uart.o
                0x0000000008000708                HAL_UART_MspInit
 .text.HAL_UART_Transmit
                0x000000000800071c      0x150 ../build/stm32f4xx_hal_uart.o
                0x000000000800071c                HAL_UART_Transmit
 .text.UART_WaitOnFlagUntilTimeout
                0x000000000800086c      0x134 ../build/stm32f4xx_hal_uart.o
 .text.UART_SetConfig
                0x00000000080009a0      0x2d4 ../build/stm32f4xx_hal_uart.o
 .text.HAL_TIM_Base_Init
                0x0000000008000c74       0x58 ../build/stm32f4xx_hal_tim.o
                0x0000000008000c74                HAL_TIM_Base_Init
 .text.HAL_TIM_Base_MspInit
                0x0000000008000ccc       0x14 ../build/stm32f4xx_hal_tim.o
                0x0000000008000ccc                HAL_TIM_Base_MspInit
 .text.HAL_TIM_Base_Start
                0x0000000008000ce0       0x38 ../build/stm32f4xx_hal_tim.o
                0x0000000008000ce0                HAL_TIM_Base_Start
 .text.TIM_Base_SetConfig
                0x0000000008000d18      0x108 ../build/stm32f4xx_hal_tim.o
                0x0000000008000d18                TIM_Base_SetConfig
 .text.HAL_GPIO_Init
                0x0000000008000e20      0x2f8 ../build/stm32f4xx_hal_gpio.o
                0x0000000008000e20                HAL_GPIO_Init
 .text.HAL_GPIO_TogglePin
                0x0000000008001118       0x24 ../build/stm32f4xx_hal_gpio.o
                0x0000000008001118                HAL_GPIO_TogglePin
 .text.HAL_RCC_OscConfig
                0x000000000800113c      0x4b8 ../build/stm32f4xx_hal_rcc.o
                0x000000000800113c                HAL_RCC_OscConfig
 .text.HAL_RCC_ClockConfig
                0x00000000080015f4      0x31c ../build/stm32f4xx_hal_rcc.o
                0x00000000080015f4                HAL_RCC_ClockConfig
 .text.HAL_RCC_GetSysClockFreq
                0x0000000008001910      0x118 ../build/stm32f4xx_hal_rcc.o
                0x0000000008001910                HAL_RCC_GetSysClockFreq
 .text.HAL_RCC_GetHCLKFreq
                0x0000000008001a28       0x58 ../build/stm32f4xx_hal_rcc.o
                0x0000000008001a28                HAL_RCC_GetHCLKFreq
 .text.HAL_RCC_GetPCLK1Freq
                0x0000000008001a80       0x4c ../build/stm32f4xx_hal_rcc.o
                0x0000000008001a80                HAL_RCC_GetPCLK1Freq
 .text.HAL_RCC_GetPCLK2Freq
                0x0000000008001acc       0x4c ../build/stm32f4xx_hal_rcc.o
                0x0000000008001acc                HAL_RCC_GetPCLK2Freq
 .text.NVIC_SetPriorityGrouping
                0x0000000008001b18       0x48 ../build/stm32f4xx_hal_cortex.o
 .text.NVIC_GetPriorityGrouping
                0x0000000008001b60       0x1c ../build/stm32f4xx_hal_cortex.o
 .text.NVIC_SetPriority
                0x0000000008001b7c       0x54 ../build/stm32f4xx_hal_cortex.o
 .text.NVIC_EncodePriority
                0x0000000008001bd0       0x68 ../build/stm32f4xx_hal_cortex.o
 .text.SysTick_Config
                0x0000000008001c38       0x44 ../build/stm32f4xx_hal_cortex.o
 .text.HAL_NVIC_SetPriorityGrouping
                0x0000000008001c7c       0x14 ../build/stm32f4xx_hal_cortex.o
                0x0000000008001c7c                HAL_NVIC_SetPriorityGrouping
 .text.HAL_NVIC_SetPriority
                0x0000000008001c90       0x38 ../build/stm32f4xx_hal_cortex.o
                0x0000000008001c90                HAL_NVIC_SetPriority
 .text.HAL_SYSTICK_Config
                0x0000000008001cc8       0x18 ../build/stm32f4xx_hal_cortex.o
                0x0000000008001cc8                HAL_SYSTICK_Config
 .text.SystemInit
                0x0000000008001ce0       0x5c ../build/system_stm32f4xx.o
                0x0000000008001ce0                SystemInit
 .text._sbrk    0x0000000008001d3c       0x70 ../build/syscalls.o
                0x0000000008001d3c                _sbrk
 .text._write   0x0000000008001dac       0x3c ../build/syscalls.o
                0x0000000008001dac                _write
 .text._close   0x0000000008001de8       0x18 ../build/syscalls.o
                0x0000000008001de8                _close
 .text._fstat   0x0000000008001e00       0x20 ../build/syscalls.o
                0x0000000008001e00                _fstat
 .text._isatty  0x0000000008001e20       0x18 ../build/syscalls.o
                0x0000000008001e20                _isatty
 .text._lseek   0x0000000008001e38       0x1c ../build/syscalls.o
                0x0000000008001e38                _lseek
 .text._read    0x0000000008001e54       0x3c ../build/syscalls.o
                0x0000000008001e54                _read
 .text.Reset_Handler
                0x0000000008001e90       0x50 ../build/startup_stm32f411xe.o
                0x0000000008001e90                Reset_Handler
 .text.Default_Handler
                0x0000000008001ee0        0x2 ../build/startup_stm32f411xe.o
                0x0000000008001ee0                RTC_Alarm_IRQHandler
                0x0000000008001ee0                EXTI2_IRQHandler
                0x0000000008001ee0                DebugMon_Handler
                0x0000000008001ee0                SPI4_IRQHandler
                0x0000000008001ee0                TIM1_CC_IRQHandler
                0x0000000008001ee0                DMA2_Stream5_IRQHandler
                0x0000000008001ee0                HardFault_Handler
                0x0000000008001ee0                DMA1_Stream5_IRQHandler
                0x0000000008001ee0                SysTick_Handler
                0x0000000008001ee0                PVD_IRQHandler
                0x0000000008001ee0                SDIO_IRQHandler
                0x0000000008001ee0                TAMP_STAMP_IRQHandler
                0x0000000008001ee0                PendSV_Handler
                0x0000000008001ee0                NMI_Handler
                0x0000000008001ee0                EXTI3_IRQHandler
                0x0000000008001ee0                TIM1_UP_TIM10_IRQHandler
                0x0000000008001ee0                I2C3_ER_IRQHandler
                0x0000000008001ee0                EXTI0_IRQHandler
                0x0000000008001ee0                I2C2_EV_IRQHandler
                0x0000000008001ee0                DMA1_Stream2_IRQHandler
                0x0000000008001ee0                FPU_IRQHandler
                0x0000000008001ee0                UsageFault_Handler
                0x0000000008001ee0                DMA2_Stream2_IRQHandler
                0x0000000008001ee0                SPI1_IRQHandler
                0x0000000008001ee0                TIM1_BRK_TIM9_IRQHandler
                0x0000000008001ee0                DMA2_Stream3_IRQHandler
                0x0000000008001ee0                USART6_IRQHandler
                0x0000000008001ee0                DMA2_Stream0_IRQHandler
                0x0000000008001ee0                I2C1_EV_IRQHandler
                0x0000000008001ee0                DMA1_Stream6_IRQHandler
                0x0000000008001ee0                DMA1_Stream1_IRQHandler
                0x0000000008001ee0                TIM3_IRQHandler
                0x0000000008001ee0                RCC_IRQHandler
                0x0000000008001ee0                Default_Handler
                0x0000000008001ee0                EXTI15_10_IRQHandler
                0x0000000008001ee0                ADC_IRQHandler
                0x0000000008001ee0                DMA1_Stream7_IRQHandler
                0x0000000008001ee0                SPI5_IRQHandler
                0x0000000008001ee0                TIM5_IRQHandler
                0x0000000008001ee0                DMA2_Stream7_IRQHandler
                0x0000000008001ee0                I2C3_EV_IRQHandler
                0x0000000008001ee0                EXTI9_5_IRQHandler
                0x0000000008001ee0                RTC_WKUP_IRQHandler
                0x0000000008001ee0                SPI2_IRQHandler
                0x0000000008001ee0                MemManage_Handler
                0x0000000008001ee0                DMA1_Stream0_IRQHandler
                0x0000000008001ee0                SVC_Handler
                0x0000000008001ee0                EXTI4_IRQHandler
                0x0000000008001ee0                WWDG_IRQHandler
                0x0000000008001ee0                TIM2_IRQHandler
                0x0000000008001ee0                OTG_FS_WKUP_IRQHandler
                0x0000000008001ee0                TIM1_TRG_COM_TIM11_IRQHandler
                0x0000000008001ee0                EXTI1_IRQHandler
                0x0000000008001ee0                USART2_IRQHandler
                0x0000000008001ee0                I2C2_ER_IRQHandler
                0x0000000008001ee0                DMA2_Stream1_IRQHandler
                0x0000000008001ee0                FLASH_IRQHandler
                0x0000000008001ee0                DMA2_Stream4_IRQHandler
                0x0000000008001ee0                BusFault_Handler
                0x0000000008001ee0                USART1_IRQHandler
                0x0000000008001ee0                OTG_FS_IRQHandler
                0x0000000008001ee0                SPI3_IRQHandler
                0x0000000008001ee0                DMA1_Stream4_IRQHandler
                0x0000000008001ee0                I2C1_ER_IRQHandler
                0x0000000008001ee0                DMA2_Stream6_IRQHandler
                0x0000000008001ee0                DMA1_Stream3_IRQHandler
 *fill*         0x0000000008001ee2        0x2 
 .text.atexit   0x0000000008001ee4        0xc /usr/lib/gcc/arm-none-eabi/4.9.3/../../../arm-none-eabi/lib/armv7e-m/libg.a(lib_a-atexit.o)
                0x0000000008001ee4                atexit
 .text.__libc_fini_array
                0x0000000008001ef0       0x2c /usr/lib/gcc/arm-none-eabi/4.9.3/../../../arm-none-eabi/lib/armv7e-m/libg.a(lib_a-fini.o)
                0x0000000008001ef0                __libc_fini_array
 .text.__libc_init_array
                0x0000000008001f1c       0x50 /usr/lib/gcc/arm-none-eabi/4.9.3/../../../arm-none-eabi/lib/armv7e-m/libg.a(lib_a-init.o)
                0x0000000008001f1c                __libc_init_array
 .text.memset   0x0000000008001f6c       0x9c /usr/lib/gcc/arm-none-eabi/4.9.3/../../../arm-none-eabi/lib/armv7e-m/libg.a(lib_a-memset.o)
                0x0000000008001f6c                memset
 .text._puts_r  0x0000000008002008       0x64 /usr/lib/gcc/arm-none-eabi/4.9.3/../../../arm-none-eabi/lib/armv7e-m/libg.a(lib_a-puts.o)
                0x0000000008002008                _puts_r
 .text.puts     0x000000000800206c       0x10 /usr/lib/gcc/arm-none-eabi/4.9.3/../../../arm-none-eabi/lib/armv7e-m/libg.a(lib_a-puts.o)
                0x000000000800206c                puts
 .text.strlen   0x000000000800207c       0x5c /usr/lib/gcc/arm-none-eabi/4.9.3/../../../arm-none-eabi/lib/armv7e-m/libg.a(lib_a-strlen.o)
                0x000000000800207c                strlen
 .text.__register_exitproc
                0x00000000080020d8       0xa4 /usr/lib/gcc/arm-none-eabi/4.9.3/../../../arm-none-eabi/lib/armv7e-m/libg.a(lib_a-__atexit.o)
                0x00000000080020d8                __register_exitproc
 .text.startup.register_fini
                0x000000000800217c       0x14 /usr/lib/gcc/arm-none-eabi/4.9.3/../../../arm-none-eabi/lib/armv7e-m/libg.a(lib_a-__call_atexit.o)
 .text._cleanup_r
                0x0000000008002190        0xc /usr/lib/gcc/arm-none-eabi/4.9.3/../../../arm-none-eabi/lib/armv7e-m/libg.a(lib_a-findfp.o)
                0x0000000008002190                _cleanup_r
 .text.__sinit.part.1
                0x000000000800219c       0xf0 /usr/lib/gcc/arm-none-eabi/4.9.3/../../../arm-none-eabi/lib/armv7e-m/libg.a(lib_a-findfp.o)
 .text.__sinit  0x000000000800228c        0xc /usr/lib/gcc/arm-none-eabi/4.9.3/../../../arm-none-eabi/lib/armv7e-m/libg.a(lib_a-findfp.o)
                0x000000000800228c                __sinit
 .text.__sfp_lock_acquire
                0x0000000008002298        0x4 /usr/lib/gcc/arm-none-eabi/4.9.3/../../../arm-none-eabi/lib/armv7e-m/libg.a(lib_a-findfp.o)
                0x0000000008002298                __sfp_lock_acquire
 .text.__sfp_lock_release
                0x000000000800229c        0x4 /usr/lib/gcc/arm-none-eabi/4.9.3/../../../arm-none-eabi/lib/armv7e-m/libg.a(lib_a-findfp.o)
                0x000000000800229c                __sfp_lock_release
 .text._malloc_trim_r
                0x00000000080022a0       0x9c /usr/lib/gcc/arm-none-eabi/4.9.3/../../../arm-none-eabi/lib/armv7e-m/libg.a(lib_a-freer.o)
                0x00000000080022a0                _malloc_trim_r
 .text._free_r  0x000000000800233c      0x1b0 /usr/lib/gcc/arm-none-eabi/4.9.3/../../../arm-none-eabi/lib/armv7e-m/libg.a(lib_a-freer.o)
                0x000000000800233c                _free_r
 .text.__sfvwrite_r
                0x00000000080024ec      0x318 /usr/lib/gcc/arm-none-eabi/4.9.3/../../../arm-none-eabi/lib/armv7e-m/libg.a(lib_a-fvwrite.o)
                0x00000000080024ec                __sfvwrite_r
 .text._fwalk_reent
                0x0000000008002804       0x54 /usr/lib/gcc/arm-none-eabi/4.9.3/../../../arm-none-eabi/lib/armv7e-m/libg.a(lib_a-fwalk.o)
                0x0000000008002804                _fwalk_reent
 .text._malloc_r
                0x0000000008002858      0x524 /usr/lib/gcc/arm-none-eabi/4.9.3/../../../arm-none-eabi/lib/armv7e-m/libg.a(lib_a-mallocr.o)
                0x0000000008002858                _malloc_r
 .text.memchr   0x0000000008002d7c       0x94 /usr/lib/gcc/arm-none-eabi/4.9.3/../../../arm-none-eabi/lib/armv7e-m/libg.a(lib_a-memchr.o)
                0x0000000008002d7c                memchr
 .text.memmove  0x0000000008002e10       0xc8 /usr/lib/gcc/arm-none-eabi/4.9.3/../../../arm-none-eabi/lib/armv7e-m/libg.a(lib_a-memmove.o)
                0x0000000008002e10                memmove
 .text.__malloc_lock
                0x0000000008002ed8        0x4 /usr/lib/gcc/arm-none-eabi/4.9.3/../../../arm-none-eabi/lib/armv7e-m/libg.a(lib_a-mlock.o)
                0x0000000008002ed8                __malloc_lock
 .text.__malloc_unlock
                0x0000000008002edc        0x4 /usr/lib/gcc/arm-none-eabi/4.9.3/../../../arm-none-eabi/lib/armv7e-m/libg.a(lib_a-mlock.o)
                0x0000000008002edc                __malloc_unlock
 .text._realloc_r
                0x0000000008002ee0      0x3ec /usr/lib/gcc/arm-none-eabi/4.9.3/../../../arm-none-eabi/lib/armv7e-m/libg.a(lib_a-reallocr.o)
                0x0000000008002ee0                _realloc_r
 .text._sbrk_r  0x00000000080032cc       0x24 /usr/lib/gcc/arm-none-eabi/4.9.3/../../../arm-none-eabi/lib/armv7e-m/libg.a(lib_a-sbrkr.o)
                0x00000000080032cc                _sbrk_r
 .text.__sread  0x00000000080032f0       0x24 /usr/lib/gcc/arm-none-eabi/4.9.3/../../../arm-none-eabi/lib/armv7e-m/libg.a(lib_a-stdio.o)
                0x00000000080032f0                __sread
 .text.__swrite
                0x0000000008003314       0x38 /usr/lib/gcc/arm-none-eabi/4.9.3/../../../arm-none-eabi/lib/armv7e-m/libg.a(lib_a-stdio.o)
                0x0000000008003314                __swrite
 .text.__sseek  0x000000000800334c       0x20 /usr/lib/gcc/arm-none-eabi/4.9.3/../../../arm-none-eabi/lib/armv7e-m/libg.a(lib_a-stdio.o)
                0x000000000800334c                __sseek
 .text.__sclose
                0x000000000800336c        0x8 /usr/lib/gcc/arm-none-eabi/4.9.3/../../../arm-none-eabi/lib/armv7e-m/libg.a(lib_a-stdio.o)
                0x000000000800336c                __sclose
 .text._write_r
                0x0000000008003374       0x28 /usr/lib/gcc/arm-none-eabi/4.9.3/../../../arm-none-eabi/lib/armv7e-m/libg.a(lib_a-writer.o)
                0x0000000008003374                _write_r
 .text.__swsetup_r
                0x000000000800339c       0xc4 /usr/lib/gcc/arm-none-eabi/4.9.3/../../../arm-none-eabi/lib/armv7e-m/libg.a(lib_a-wsetup.o)
                0x000000000800339c                __swsetup_r
 .text._close_r
                0x0000000008003460       0x24 /usr/lib/gcc/arm-none-eabi/4.9.3/../../../arm-none-eabi/lib/armv7e-m/libg.a(lib_a-closer.o)
                0x0000000008003460                _close_r
 .text._fclose_r
                0x0000000008003484       0x84 /usr/lib/gcc/arm-none-eabi/4.9.3/../../../arm-none-eabi/lib/armv7e-m/libg.a(lib_a-fclose.o)
                0x0000000008003484                _fclose_r
 .text.__sflush_r
                0x0000000008003508      0x154 /usr/lib/gcc/arm-none-eabi/4.9.3/../../../arm-none-eabi/lib/armv7e-m/libg.a(lib_a-fflush.o)
                0x0000000008003508                __sflush_r
 .text._fflush_r
                0x000000000800365c       0x2c /usr/lib/gcc/arm-none-eabi/4.9.3/../../../arm-none-eabi/lib/armv7e-m/libg.a(lib_a-fflush.o)
                0x000000000800365c                _fflush_r
 .text._lseek_r
                0x0000000008003688       0x28 /usr/lib/gcc/arm-none-eabi/4.9.3/../../../arm-none-eabi/lib/armv7e-m/libg.a(lib_a-lseekr.o)
                0x0000000008003688                _lseek_r
 .text.__smakebuf_r
                0x00000000080036b0       0xe0 /usr/lib/gcc/arm-none-eabi/4.9.3/../../../arm-none-eabi/lib/armv7e-m/libg.a(lib_a-makebuf.o)
                0x00000000080036b0                __smakebuf_r
 .text._read_r  0x0000000008003790       0x28 /usr/lib/gcc/arm-none-eabi/4.9.3/../../../arm-none-eabi/lib/armv7e-m/libg.a(lib_a-readr.o)
                0x0000000008003790                _read_r
 .text._fstat_r
                0x00000000080037b8       0x28 /usr/lib/gcc/arm-none-eabi/4.9.3/../../../arm-none-eabi/lib/armv7e-m/libg.a(lib_a-fstatr.o)
                0x00000000080037b8                _fstat_r
 .text._isatty_r
                0x00000000080037e0       0x24 /usr/lib/gcc/arm-none-eabi/4.9.3/../../../arm-none-eabi/lib/armv7e-m/libg.a(lib_a-isattyr.o)
                0x00000000080037e0                _isatty_r
 *(.glue_7)
 .glue_7        0x0000000008003804        0x0 linker stubs
 *(.glue_7t)
 .glue_7t       0x0000000008003804        0x0 linker stubs
 *(.eh_frame)
 .eh_frame      0x0000000008003804        0x0 /usr/lib/gcc/arm-none-eabi/4.9.3/armv7e-m/crtbegin.o
 *(.init)
 .init          0x0000000008003804        0x4 /usr/lib/gcc/arm-none-eabi/4.9.3/armv7e-m/crti.o
                0x0000000008003804                _init
 .init          0x0000000008003808        0x8 /usr/lib/gcc/arm-none-eabi/4.9.3/armv7e-m/crtn.o
 *(.fini)
 .fini          0x0000000008003810        0x4 /usr/lib/gcc/arm-none-eabi/4.9.3/armv7e-m/crti.o
                0x0000000008003810                _fini
 .fini          0x0000000008003814        0x8 /usr/lib/gcc/arm-none-eabi/4.9.3/armv7e-m/crtn.o
                0x000000000800381c                . = ALIGN (0x4)
                0x000000000800381c                _etext = .

.vfp11_veneer   0x000000000800381c        0x0
 .vfp11_veneer  0x000000000800381c        0x0 linker stubs

.v4_bx          0x000000000800381c        0x0
 .v4_bx         0x000000000800381c        0x0 linker stubs

.iplt           0x000000000800381c        0x0
 .iplt          0x000000000800381c        0x0 /usr/lib/gcc/arm-none-eabi/4.9.3/armv7e-m/crtbegin.o

.rodata         0x000000000800381c       0x24
                0x000000000800381c                . = ALIGN (0x4)
 *(.rodata)
 .rodata        0x000000000800381c        0x6 ../build/main.o
 *(.rodata*)
 *fill*         0x0000000008003822        0x2 
 .rodata.APBAHBPrescTable
                0x0000000008003824       0x10 ../build/stm32f4xx_hal_rcc.o
                0x0000000008003824                APBAHBPrescTable
 .rodata.str1.4
                0x0000000008003834        0x2 /usr/lib/gcc/arm-none-eabi/4.9.3/../../../arm-none-eabi/lib/armv7e-m/libg.a(lib_a-impure.o)
                                          0x4 (size before relaxing)
 *fill*         0x0000000008003836        0x2 
 .rodata._global_impure_ptr
                0x0000000008003838        0x4 /usr/lib/gcc/arm-none-eabi/4.9.3/../../../arm-none-eabi/lib/armv7e-m/libg.a(lib_a-impure.o)
                0x0000000008003838                _global_impure_ptr
 .rodata.str1.4
                0x000000000800383c        0x4 /usr/lib/gcc/arm-none-eabi/4.9.3/../../../arm-none-eabi/lib/armv7e-m/libg.a(lib_a-puts.o)
                0x0000000008003840                . = ALIGN (0x4)

.rel.dyn        0x0000000008003840        0x0
 .rel.iplt      0x0000000008003840        0x0 /usr/lib/gcc/arm-none-eabi/4.9.3/armv7e-m/crtbegin.o

.ARM.extab
 *(.ARM.extab* .gnu.linkonce.armextab.*)

.ARM            0x0000000008003840        0x0
                0x0000000008003840                __exidx_start = .
 *(.ARM.exidx*)
                0x0000000008003840                __exidx_end = .

.preinit_array  0x0000000008003840        0x0
                0x0000000008003840                PROVIDE (__preinit_array_start, .)
 *(.preinit_array*)
                0x0000000008003840                PROVIDE (__preinit_array_end, .)

.init_array     0x0000000008003840        0x8
                0x0000000008003840                PROVIDE (__init_array_start, .)
 *(SORT(.init_array.*))
 .init_array.00000
                0x0000000008003840        0x4 /usr/lib/gcc/arm-none-eabi/4.9.3/../../../arm-none-eabi/lib/armv7e-m/libg.a(lib_a-__call_atexit.o)
 *(.init_array*)
 .init_array    0x0000000008003844        0x4 /usr/lib/gcc/arm-none-eabi/4.9.3/armv7e-m/crtbegin.o
                0x0000000008003848                PROVIDE (__init_array_end, .)

.fini_array     0x0000000008003848        0x4
                0x0000000008003848                PROVIDE (__fini_array_start, .)
 *(SORT(.fini_array.*))
 *(.fini_array*)
 .fini_array    0x0000000008003848        0x4 /usr/lib/gcc/arm-none-eabi/4.9.3/armv7e-m/crtbegin.o
                0x000000000800384c                PROVIDE (__fini_array_end, .)
                0x000000000800384c                _sidata = LOADADDR (.data)

.data           0x0000000020000000      0x844 load address 0x000000000800384c
                0x0000000020000000                . = ALIGN (0x4)
                0x0000000020000000                _sdata = .
 *(.data)
 *(.data*)
 .data.apa      0x0000000020000000        0x4 ../build/main.o
                0x0000000020000000                apa
 .data.SystemCoreClock
                0x0000000020000004        0x4 ../build/system_stm32f4xx.o
                0x0000000020000004                SystemCoreClock
 .data.impure_data
                0x0000000020000008      0x428 /usr/lib/gcc/arm-none-eabi/4.9.3/../../../arm-none-eabi/lib/armv7e-m/libg.a(lib_a-impure.o)
 .data._impure_ptr
                0x0000000020000430        0x4 /usr/lib/gcc/arm-none-eabi/4.9.3/../../../arm-none-eabi/lib/armv7e-m/libg.a(lib_a-impure.o)
                0x0000000020000430                _impure_ptr
 .data.__malloc_av_
                0x0000000020000434      0x408 /usr/lib/gcc/arm-none-eabi/4.9.3/../../../arm-none-eabi/lib/armv7e-m/libg.a(lib_a-mallocr.o)
                0x0000000020000434                __malloc_av_
 .data.__malloc_trim_threshold
                0x000000002000083c        0x4 /usr/lib/gcc/arm-none-eabi/4.9.3/../../../arm-none-eabi/lib/armv7e-m/libg.a(lib_a-mallocr.o)
                0x000000002000083c                __malloc_trim_threshold
 .data.__malloc_sbrk_base
                0x0000000020000840        0x4 /usr/lib/gcc/arm-none-eabi/4.9.3/../../../arm-none-eabi/lib/armv7e-m/libg.a(lib_a-mallocr.o)
                0x0000000020000840                __malloc_sbrk_base
                0x0000000020000844                . = ALIGN (0x4)
                0x0000000020000844                _edata = .

.jcr            0x0000000020000844        0x0 load address 0x0000000008004090
 .jcr           0x0000000020000844        0x0 /usr/lib/gcc/arm-none-eabi/4.9.3/armv7e-m/crtbegin.o

.tm_clone_table
                0x0000000020000844        0x0 load address 0x0000000008004090
 .tm_clone_table
                0x0000000020000844        0x0 /usr/lib/gcc/arm-none-eabi/4.9.3/armv7e-m/crtbegin.o
 .tm_clone_table
                0x0000000020000844        0x0 /usr/lib/gcc/arm-none-eabi/4.9.3/armv7e-m/crtend.o

.igot.plt       0x0000000020000844        0x0 load address 0x0000000008004090
 .igot.plt      0x0000000020000844        0x0 /usr/lib/gcc/arm-none-eabi/4.9.3/armv7e-m/crtbegin.o
                0x0000000020000844                . = ALIGN (0x4)

.bss            0x0000000020000844       0xec load address 0x0000000008004090
                0x0000000020000844                _sbss = .
                0x0000000020000844                __bss_start__ = _sbss
 *(.bss)
 .bss           0x0000000020000844       0x1c /usr/lib/gcc/arm-none-eabi/4.9.3/armv7e-m/crtbegin.o
 *(.bss*)
 .bss.GPIO_InitStruct
                0x0000000020000860       0x14 ../build/main.o
 .bss.UartHandle
                0x0000000020000874       0x40 ../build/main.o
 .bss.TimHandle
                0x00000000200008b4       0x3c ../build/main.o
 .bss.uwTick    0x00000000200008f0        0x4 ../build/stm32f4xx_hal.o
 .bss.heap_end.5819
                0x00000000200008f4        0x4 ../build/syscalls.o
 .bss.__malloc_max_total_mem
                0x00000000200008f8        0x4 /usr/lib/gcc/arm-none-eabi/4.9.3/../../../arm-none-eabi/lib/armv7e-m/libg.a(lib_a-mallocr.o)
                0x00000000200008f8                __malloc_max_total_mem
 .bss.__malloc_max_sbrked_mem
                0x00000000200008fc        0x4 /usr/lib/gcc/arm-none-eabi/4.9.3/../../../arm-none-eabi/lib/armv7e-m/libg.a(lib_a-mallocr.o)
                0x00000000200008fc                __malloc_max_sbrked_mem
 .bss.__malloc_top_pad
                0x0000000020000900        0x4 /usr/lib/gcc/arm-none-eabi/4.9.3/../../../arm-none-eabi/lib/armv7e-m/libg.a(lib_a-mallocr.o)
                0x0000000020000900                __malloc_top_pad
 .bss.__malloc_current_mallinfo
                0x0000000020000904       0x28 /usr/lib/gcc/arm-none-eabi/4.9.3/../../../arm-none-eabi/lib/armv7e-m/libg.a(lib_a-mallocr.o)
                0x0000000020000904                __malloc_current_mallinfo
 *(COMMON)
 COMMON         0x000000002000092c        0x4 /usr/lib/gcc/arm-none-eabi/4.9.3/../../../arm-none-eabi/lib/armv7e-m/libg.a(lib_a-reent.o)
                0x000000002000092c                errno
                0x0000000020000930                . = ALIGN (0x4)
                0x0000000020000930                _ebss = .
                0x0000000020000930                __bss_end__ = _ebss

._user_heap_stack
                0x0000000020000930      0x600 load address 0x0000000008004090
                0x0000000020000930                . = ALIGN (0x4)
                0x0000000020000930                PROVIDE (end, .)
                [!provide]                        PROVIDE (_end, .)
                0x0000000020000b30                . = (. + _Min_Heap_Size)
 *fill*         0x0000000020000930      0x200 
                0x0000000020000f30                . = (. + _Min_Stack_Size)
 *fill*         0x0000000020000b30      0x400 
                0x0000000020000f30                . = ALIGN (0x4)

/DISCARD/
 libc.a(*)
 libm.a(*)
 libgcc.a(*)

.ARM.attributes
                0x0000000000000000       0x2a
 *(.ARM.attributes)
 .ARM.attributes
                0x0000000000000000       0x1e /usr/lib/gcc/arm-none-eabi/4.9.3/armv7e-m/crti.o
 .ARM.attributes
                0x000000000000001e       0x2e /usr/lib/gcc/arm-none-eabi/4.9.3/armv7e-m/crtbegin.o
 .ARM.attributes
                0x000000000000004c       0x33 ../build/main.o
 .ARM.attributes
                0x000000000000007f       0x33 ../build/stm32f4xx_hal.o
 .ARM.attributes
                0x00000000000000b2       0x33 ../build/stm32f4xx_hal_uart.o
 .ARM.attributes
                0x00000000000000e5       0x33 ../build/stm32f4xx_hal_tim.o
 .ARM.attributes
                0x0000000000000118       0x33 ../build/stm32f4xx_hal_gpio.o
 .ARM.attributes
                0x000000000000014b       0x33 ../build/stm32f4xx_hal_rcc.o
 .ARM.attributes
                0x000000000000017e       0x33 ../build/stm32f4xx_hal_cortex.o
 .ARM.attributes
                0x00000000000001b1       0x33 ../build/system_stm32f4xx.o
 .ARM.attributes
                0x00000000000001e4       0x33 ../build/syscalls.o
 .ARM.attributes
                0x0000000000000217       0x21 ../build/startup_stm32f411xe.o
 .ARM.attributes
                0x0000000000000238       0x2e /usr/lib/gcc/arm-none-eabi/4.9.3/../../../arm-none-eabi/lib/armv7e-m/libg.a(lib_a-atexit.o)
 .ARM.attributes
                0x0000000000000266       0x2e /usr/lib/gcc/arm-none-eabi/4.9.3/../../../arm-none-eabi/lib/armv7e-m/libg.a(lib_a-fini.o)
 .ARM.attributes
                0x0000000000000294       0x2e /usr/lib/gcc/arm-none-eabi/4.9.3/../../../arm-none-eabi/lib/armv7e-m/libg.a(lib_a-impure.o)
 .ARM.attributes
                0x00000000000002c2       0x2e /usr/lib/gcc/arm-none-eabi/4.9.3/../../../arm-none-eabi/lib/armv7e-m/libg.a(lib_a-init.o)
 .ARM.attributes
                0x00000000000002f0       0x2e /usr/lib/gcc/arm-none-eabi/4.9.3/../../../arm-none-eabi/lib/armv7e-m/libg.a(lib_a-memset.o)
 .ARM.attributes
                0x000000000000031e       0x2e /usr/lib/gcc/arm-none-eabi/4.9.3/../../../arm-none-eabi/lib/armv7e-m/libg.a(lib_a-puts.o)
 .ARM.attributes
                0x000000000000034c       0x2e /usr/lib/gcc/arm-none-eabi/4.9.3/../../../arm-none-eabi/lib/armv7e-m/libg.a(lib_a-reent.o)
 .ARM.attributes
                0x000000000000037a       0x2e /usr/lib/gcc/arm-none-eabi/4.9.3/../../../arm-none-eabi/lib/armv7e-m/libg.a(lib_a-strlen.o)
 .ARM.attributes
                0x00000000000003a8       0x2e /usr/lib/gcc/arm-none-eabi/4.9.3/../../../arm-none-eabi/lib/armv7e-m/libg.a(lib_a-__atexit.o)
 .ARM.attributes
                0x00000000000003d6       0x2e /usr/lib/gcc/arm-none-eabi/4.9.3/../../../arm-none-eabi/lib/armv7e-m/libg.a(lib_a-__call_atexit.o)
 .ARM.attributes
                0x0000000000000404       0x2e /usr/lib/gcc/arm-none-eabi/4.9.3/../../../arm-none-eabi/lib/armv7e-m/libg.a(lib_a-findfp.o)
 .ARM.attributes
                0x0000000000000432       0x2e /usr/lib/gcc/arm-none-eabi/4.9.3/../../../arm-none-eabi/lib/armv7e-m/libg.a(lib_a-freer.o)
 .ARM.attributes
                0x0000000000000460       0x2e /usr/lib/gcc/arm-none-eabi/4.9.3/../../../arm-none-eabi/lib/armv7e-m/libg.a(lib_a-fvwrite.o)
 .ARM.attributes
                0x000000000000048e       0x2e /usr/lib/gcc/arm-none-eabi/4.9.3/../../../arm-none-eabi/lib/armv7e-m/libg.a(lib_a-fwalk.o)
 .ARM.attributes
                0x00000000000004bc       0x2e /usr/lib/gcc/arm-none-eabi/4.9.3/../../../arm-none-eabi/lib/armv7e-m/libg.a(lib_a-mallocr.o)
 .ARM.attributes
                0x00000000000004ea       0x2e /usr/lib/gcc/arm-none-eabi/4.9.3/../../../arm-none-eabi/lib/armv7e-m/libg.a(lib_a-memchr.o)
 .ARM.attributes
                0x0000000000000518       0x1c /usr/lib/gcc/arm-none-eabi/4.9.3/../../../arm-none-eabi/lib/armv7e-m/libg.a(lib_a-memcpy.o)
 .ARM.attributes
                0x0000000000000534       0x2e /usr/lib/gcc/arm-none-eabi/4.9.3/../../../arm-none-eabi/lib/armv7e-m/libg.a(lib_a-memmove.o)
 .ARM.attributes
                0x0000000000000562       0x2e /usr/lib/gcc/arm-none-eabi/4.9.3/../../../arm-none-eabi/lib/armv7e-m/libg.a(lib_a-mlock.o)
 .ARM.attributes
                0x0000000000000590       0x2e /usr/lib/gcc/arm-none-eabi/4.9.3/../../../arm-none-eabi/lib/armv7e-m/libg.a(lib_a-reallocr.o)
 .ARM.attributes
                0x00000000000005be       0x2e /usr/lib/gcc/arm-none-eabi/4.9.3/../../../arm-none-eabi/lib/armv7e-m/libg.a(lib_a-sbrkr.o)
 .ARM.attributes
                0x00000000000005ec       0x2e /usr/lib/gcc/arm-none-eabi/4.9.3/../../../arm-none-eabi/lib/armv7e-m/libg.a(lib_a-stdio.o)
 .ARM.attributes
                0x000000000000061a       0x2e /usr/lib/gcc/arm-none-eabi/4.9.3/../../../arm-none-eabi/lib/armv7e-m/libg.a(lib_a-writer.o)
 .ARM.attributes
                0x0000000000000648       0x2e /usr/lib/gcc/arm-none-eabi/4.9.3/../../../arm-none-eabi/lib/armv7e-m/libg.a(lib_a-wsetup.o)
 .ARM.attributes
                0x0000000000000676       0x2e /usr/lib/gcc/arm-none-eabi/4.9.3/../../../arm-none-eabi/lib/armv7e-m/libg.a(lib_a-closer.o)
 .ARM.attributes
                0x00000000000006a4       0x2e /usr/lib/gcc/arm-none-eabi/4.9.3/../../../arm-none-eabi/lib/armv7e-m/libg.a(lib_a-fclose.o)
 .ARM.attributes
                0x00000000000006d2       0x2e /usr/lib/gcc/arm-none-eabi/4.9.3/../../../arm-none-eabi/lib/armv7e-m/libg.a(lib_a-fflush.o)
 .ARM.attributes
                0x0000000000000700       0x2e /usr/lib/gcc/arm-none-eabi/4.9.3/../../../arm-none-eabi/lib/armv7e-m/libg.a(lib_a-lseekr.o)
 .ARM.attributes
                0x000000000000072e       0x2e /usr/lib/gcc/arm-none-eabi/4.9.3/../../../arm-none-eabi/lib/armv7e-m/libg.a(lib_a-makebuf.o)
 .ARM.attributes
                0x000000000000075c       0x2e /usr/lib/gcc/arm-none-eabi/4.9.3/../../../arm-none-eabi/lib/armv7e-m/libg.a(lib_a-readr.o)
 .ARM.attributes
                0x000000000000078a       0x2e /usr/lib/gcc/arm-none-eabi/4.9.3/../../../arm-none-eabi/lib/armv7e-m/libg.a(lib_a-fstatr.o)
 .ARM.attributes
                0x00000000000007b8       0x2e /usr/lib/gcc/arm-none-eabi/4.9.3/../../../arm-none-eabi/lib/armv7e-m/libg.a(lib_a-isattyr.o)
 .ARM.attributes
                0x00000000000007e6       0x2e /usr/lib/gcc/arm-none-eabi/4.9.3/armv7e-m/crtend.o
 .ARM.attributes
                0x0000000000000814       0x1e /usr/lib/gcc/arm-none-eabi/4.9.3/armv7e-m/crtn.o
OUTPUT(main.elf elf32-littlearm)

.comment        0x0000000000000000       0x70
 .comment       0x0000000000000000       0x38 /usr/lib/gcc/arm-none-eabi/4.9.3/armv7e-m/crtbegin.o
                                         0x39 (size before relaxing)
 .comment       0x0000000000000038       0x39 ../build/main.o
 .comment       0x0000000000000038       0x39 ../build/stm32f4xx_hal.o
 .comment       0x0000000000000038       0x39 ../build/stm32f4xx_hal_uart.o
 .comment       0x0000000000000038       0x39 ../build/stm32f4xx_hal_tim.o
 .comment       0x0000000000000038       0x39 ../build/stm32f4xx_hal_gpio.o
 .comment       0x0000000000000038       0x39 ../build/stm32f4xx_hal_rcc.o
 .comment       0x0000000000000038       0x39 ../build/stm32f4xx_hal_cortex.o
 .comment       0x0000000000000038       0x39 ../build/system_stm32f4xx.o
 .comment       0x0000000000000038       0x39 ../build/syscalls.o
 .comment       0x0000000000000038       0x38 /usr/lib/gcc/arm-none-eabi/4.9.3/../../../arm-none-eabi/lib/armv7e-m/libg.a(lib_a-atexit.o)
                                         0x39 (size before relaxing)
 .comment       0x0000000000000070       0x39 /usr/lib/gcc/arm-none-eabi/4.9.3/../../../arm-none-eabi/lib/armv7e-m/libg.a(lib_a-fini.o)
 .comment       0x0000000000000070       0x39 /usr/lib/gcc/arm-none-eabi/4.9.3/../../../arm-none-eabi/lib/armv7e-m/libg.a(lib_a-impure.o)
 .comment       0x0000000000000070       0x39 /usr/lib/gcc/arm-none-eabi/4.9.3/../../../arm-none-eabi/lib/armv7e-m/libg.a(lib_a-init.o)
 .comment       0x0000000000000070       0x39 /usr/lib/gcc/arm-none-eabi/4.9.3/../../../arm-none-eabi/lib/armv7e-m/libg.a(lib_a-memset.o)
 .comment       0x0000000000000070       0x39 /usr/lib/gcc/arm-none-eabi/4.9.3/../../../arm-none-eabi/lib/armv7e-m/libg.a(lib_a-puts.o)
 .comment       0x0000000000000070       0x39 /usr/lib/gcc/arm-none-eabi/4.9.3/../../../arm-none-eabi/lib/armv7e-m/libg.a(lib_a-reent.o)
 .comment       0x0000000000000070       0x39 /usr/lib/gcc/arm-none-eabi/4.9.3/../../../arm-none-eabi/lib/armv7e-m/libg.a(lib_a-strlen.o)
 .comment       0x0000000000000070       0x39 /usr/lib/gcc/arm-none-eabi/4.9.3/../../../arm-none-eabi/lib/armv7e-m/libg.a(lib_a-__atexit.o)
 .comment       0x0000000000000070       0x39 /usr/lib/gcc/arm-none-eabi/4.9.3/../../../arm-none-eabi/lib/armv7e-m/libg.a(lib_a-__call_atexit.o)
 .comment       0x0000000000000070       0x39 /usr/lib/gcc/arm-none-eabi/4.9.3/../../../arm-none-eabi/lib/armv7e-m/libg.a(lib_a-findfp.o)
 .comment       0x0000000000000070       0x39 /usr/lib/gcc/arm-none-eabi/4.9.3/../../../arm-none-eabi/lib/armv7e-m/libg.a(lib_a-freer.o)
 .comment       0x0000000000000070       0x39 /usr/lib/gcc/arm-none-eabi/4.9.3/../../../arm-none-eabi/lib/armv7e-m/libg.a(lib_a-fvwrite.o)
 .comment       0x0000000000000070       0x39 /usr/lib/gcc/arm-none-eabi/4.9.3/../../../arm-none-eabi/lib/armv7e-m/libg.a(lib_a-fwalk.o)
 .comment       0x0000000000000070       0x39 /usr/lib/gcc/arm-none-eabi/4.9.3/../../../arm-none-eabi/lib/armv7e-m/libg.a(lib_a-mallocr.o)
 .comment       0x0000000000000070       0x39 /usr/lib/gcc/arm-none-eabi/4.9.3/../../../arm-none-eabi/lib/armv7e-m/libg.a(lib_a-memchr.o)
 .comment       0x0000000000000070       0x39 /usr/lib/gcc/arm-none-eabi/4.9.3/../../../arm-none-eabi/lib/armv7e-m/libg.a(lib_a-memmove.o)
 .comment       0x0000000000000070       0x39 /usr/lib/gcc/arm-none-eabi/4.9.3/../../../arm-none-eabi/lib/armv7e-m/libg.a(lib_a-mlock.o)
 .comment       0x0000000000000070       0x39 /usr/lib/gcc/arm-none-eabi/4.9.3/../../../arm-none-eabi/lib/armv7e-m/libg.a(lib_a-reallocr.o)
 .comment       0x0000000000000070       0x39 /usr/lib/gcc/arm-none-eabi/4.9.3/../../../arm-none-eabi/lib/armv7e-m/libg.a(lib_a-sbrkr.o)
 .comment       0x0000000000000070       0x39 /usr/lib/gcc/arm-none-eabi/4.9.3/../../../arm-none-eabi/lib/armv7e-m/libg.a(lib_a-stdio.o)
 .comment       0x0000000000000070       0x39 /usr/lib/gcc/arm-none-eabi/4.9.3/../../../arm-none-eabi/lib/armv7e-m/libg.a(lib_a-writer.o)
 .comment       0x0000000000000070       0x39 /usr/lib/gcc/arm-none-eabi/4.9.3/../../../arm-none-eabi/lib/armv7e-m/libg.a(lib_a-wsetup.o)
 .comment       0x0000000000000070       0x39 /usr/lib/gcc/arm-none-eabi/4.9.3/../../../arm-none-eabi/lib/armv7e-m/libg.a(lib_a-closer.o)
 .comment       0x0000000000000070       0x39 /usr/lib/gcc/arm-none-eabi/4.9.3/../../../arm-none-eabi/lib/armv7e-m/libg.a(lib_a-fclose.o)
 .comment       0x0000000000000070       0x39 /usr/lib/gcc/arm-none-eabi/4.9.3/../../../arm-none-eabi/lib/armv7e-m/libg.a(lib_a-fflush.o)
 .comment       0x0000000000000070       0x39 /usr/lib/gcc/arm-none-eabi/4.9.3/../../../arm-none-eabi/lib/armv7e-m/libg.a(lib_a-lseekr.o)
 .comment       0x0000000000000070       0x39 /usr/lib/gcc/arm-none-eabi/4.9.3/../../../arm-none-eabi/lib/armv7e-m/libg.a(lib_a-makebuf.o)
 .comment       0x0000000000000070       0x39 /usr/lib/gcc/arm-none-eabi/4.9.3/../../../arm-none-eabi/lib/armv7e-m/libg.a(lib_a-readr.o)
 .comment       0x0000000000000070       0x39 /usr/lib/gcc/arm-none-eabi/4.9.3/../../../arm-none-eabi/lib/armv7e-m/libg.a(lib_a-fstatr.o)
 .comment       0x0000000000000070       0x39 /usr/lib/gcc/arm-none-eabi/4.9.3/../../../arm-none-eabi/lib/armv7e-m/libg.a(lib_a-isattyr.o)
 .comment       0x0000000000000070       0x39 /usr/lib/gcc/arm-none-eabi/4.9.3/armv7e-m/crtend.o

.debug_info     0x0000000000000000    0x1707a
 .debug_info    0x0000000000000000      0xcab ../build/main.o
 .debug_info    0x0000000000000cab      0x84f ../build/stm32f4xx_hal.o
 .debug_info    0x00000000000014fa      0xed2 ../build/stm32f4xx_hal_uart.o
 .debug_info    0x00000000000023cc     0x2161 ../build/stm32f4xx_hal_tim.o
 .debug_info    0x000000000000452d      0x703 ../build/stm32f4xx_hal_gpio.o
 .debug_info    0x0000000000004c30      0xe18 ../build/stm32f4xx_hal_rcc.o
 .debug_info    0x0000000000005a48      0xae1 ../build/stm32f4xx_hal_cortex.o
 .debug_info    0x0000000000006529      0x4a2 ../build/system_stm32f4xx.o
 .debug_info    0x00000000000069cb      0x6e3 ../build/syscalls.o
 .debug_info    0x00000000000070ae       0x59 ../build/startup_stm32f411xe.o
 .debug_info    0x0000000000007107      0x10a /usr/lib/gcc/arm-none-eabi/4.9.3/../../../arm-none-eabi/lib/armv7e-m/libg.a(lib_a-atexit.o)
 .debug_info    0x0000000000007211       0xef /usr/lib/gcc/arm-none-eabi/4.9.3/../../../arm-none-eabi/lib/armv7e-m/libg.a(lib_a-fini.o)
 .debug_info    0x0000000000007300      0x894 /usr/lib/gcc/arm-none-eabi/4.9.3/../../../arm-none-eabi/lib/armv7e-m/libg.a(lib_a-impure.o)
 .debug_info    0x0000000000007b94      0x105 /usr/lib/gcc/arm-none-eabi/4.9.3/../../../arm-none-eabi/lib/armv7e-m/libg.a(lib_a-init.o)
 .debug_info    0x0000000000007c99      0x117 /usr/lib/gcc/arm-none-eabi/4.9.3/../../../arm-none-eabi/lib/armv7e-m/libg.a(lib_a-memset.o)
 .debug_info    0x0000000000007db0      0xa4e /usr/lib/gcc/arm-none-eabi/4.9.3/../../../arm-none-eabi/lib/armv7e-m/libg.a(lib_a-puts.o)
 .debug_info    0x00000000000087fe      0x9fb /usr/lib/gcc/arm-none-eabi/4.9.3/../../../arm-none-eabi/lib/armv7e-m/libg.a(lib_a-reent.o)
 .debug_info    0x00000000000091f9       0xb5 /usr/lib/gcc/arm-none-eabi/4.9.3/../../../arm-none-eabi/lib/armv7e-m/libg.a(lib_a-strlen.o)
 .debug_info    0x00000000000092ae      0x934 /usr/lib/gcc/arm-none-eabi/4.9.3/../../../arm-none-eabi/lib/armv7e-m/libg.a(lib_a-__atexit.o)
 .debug_info    0x0000000000009be2      0x9a9 /usr/lib/gcc/arm-none-eabi/4.9.3/../../../arm-none-eabi/lib/armv7e-m/libg.a(lib_a-__call_atexit.o)
 .debug_info    0x000000000000a58b      0xdc0 /usr/lib/gcc/arm-none-eabi/4.9.3/../../../arm-none-eabi/lib/armv7e-m/libg.a(lib_a-findfp.o)
 .debug_info    0x000000000000b34b      0xc1c /usr/lib/gcc/arm-none-eabi/4.9.3/../../../arm-none-eabi/lib/armv7e-m/libg.a(lib_a-freer.o)
 .debug_info    0x000000000000bf67      0xc63 /usr/lib/gcc/arm-none-eabi/4.9.3/../../../arm-none-eabi/lib/armv7e-m/libg.a(lib_a-fvwrite.o)
 .debug_info    0x000000000000cbca      0x99e /usr/lib/gcc/arm-none-eabi/4.9.3/../../../arm-none-eabi/lib/armv7e-m/libg.a(lib_a-fwalk.o)
 .debug_info    0x000000000000d568      0xd8b /usr/lib/gcc/arm-none-eabi/4.9.3/../../../arm-none-eabi/lib/armv7e-m/libg.a(lib_a-mallocr.o)
 .debug_info    0x000000000000e2f3      0x129 /usr/lib/gcc/arm-none-eabi/4.9.3/../../../arm-none-eabi/lib/armv7e-m/libg.a(lib_a-memchr.o)
 .debug_info    0x000000000000e41c       0xce /usr/lib/gcc/arm-none-eabi/4.9.3/../../../arm-none-eabi/lib/armv7e-m/libg.a(lib_a-memcpy.o)
 .debug_info    0x000000000000e4ea      0x131 /usr/lib/gcc/arm-none-eabi/4.9.3/../../../arm-none-eabi/lib/armv7e-m/libg.a(lib_a-memmove.o)
 .debug_info    0x000000000000e61b      0x8b4 /usr/lib/gcc/arm-none-eabi/4.9.3/../../../arm-none-eabi/lib/armv7e-m/libg.a(lib_a-mlock.o)
 .debug_info    0x000000000000eecf      0xcbc /usr/lib/gcc/arm-none-eabi/4.9.3/../../../arm-none-eabi/lib/armv7e-m/libg.a(lib_a-reallocr.o)
 .debug_info    0x000000000000fb8b      0x8f4 /usr/lib/gcc/arm-none-eabi/4.9.3/../../../arm-none-eabi/lib/armv7e-m/libg.a(lib_a-sbrkr.o)
 .debug_info    0x000000000001047f      0xb8a /usr/lib/gcc/arm-none-eabi/4.9.3/../../../arm-none-eabi/lib/armv7e-m/libg.a(lib_a-stdio.o)
 .debug_info    0x0000000000011009      0x929 /usr/lib/gcc/arm-none-eabi/4.9.3/../../../arm-none-eabi/lib/armv7e-m/libg.a(lib_a-writer.o)
 .debug_info    0x0000000000011932      0x93b /usr/lib/gcc/arm-none-eabi/4.9.3/../../../arm-none-eabi/lib/armv7e-m/libg.a(lib_a-wsetup.o)
 .debug_info    0x000000000001226d      0x8e0 /usr/lib/gcc/arm-none-eabi/4.9.3/../../../arm-none-eabi/lib/armv7e-m/libg.a(lib_a-closer.o)
 .debug_info    0x0000000000012b4d      0xa28 /usr/lib/gcc/arm-none-eabi/4.9.3/../../../arm-none-eabi/lib/armv7e-m/libg.a(lib_a-fclose.o)
 .debug_info    0x0000000000013575      0xab3 /usr/lib/gcc/arm-none-eabi/4.9.3/../../../arm-none-eabi/lib/armv7e-m/libg.a(lib_a-fflush.o)
 .debug_info    0x0000000000014028      0x90c /usr/lib/gcc/arm-none-eabi/4.9.3/../../../arm-none-eabi/lib/armv7e-m/libg.a(lib_a-lseekr.o)
 .debug_info    0x0000000000014934      0xae6 /usr/lib/gcc/arm-none-eabi/4.9.3/../../../arm-none-eabi/lib/armv7e-m/libg.a(lib_a-makebuf.o)
 .debug_info    0x000000000001541a      0x922 /usr/lib/gcc/arm-none-eabi/4.9.3/../../../arm-none-eabi/lib/armv7e-m/libg.a(lib_a-readr.o)
 .debug_info    0x0000000000015d3c      0xa5e /usr/lib/gcc/arm-none-eabi/4.9.3/../../../arm-none-eabi/lib/armv7e-m/libg.a(lib_a-fstatr.o)
 .debug_info    0x000000000001679a      0x8e0 /usr/lib/gcc/arm-none-eabi/4.9.3/../../../arm-none-eabi/lib/armv7e-m/libg.a(lib_a-isattyr.o)

.debug_abbrev   0x0000000000000000     0x4b19
 .debug_abbrev  0x0000000000000000      0x210 ../build/main.o
 .debug_abbrev  0x0000000000000210      0x22d ../build/stm32f4xx_hal.o
 .debug_abbrev  0x000000000000043d      0x227 ../build/stm32f4xx_hal_uart.o
 .debug_abbrev  0x0000000000000664      0x216 ../build/stm32f4xx_hal_tim.o
 .debug_abbrev  0x000000000000087a      0x1ad ../build/stm32f4xx_hal_gpio.o
 .debug_abbrev  0x0000000000000a27      0x25d ../build/stm32f4xx_hal_rcc.o
 .debug_abbrev  0x0000000000000c84      0x29c ../build/stm32f4xx_hal_cortex.o
 .debug_abbrev  0x0000000000000f20      0x104 ../build/system_stm32f4xx.o
 .debug_abbrev  0x0000000000001024      0x167 ../build/syscalls.o
 .debug_abbrev  0x000000000000118b       0x12 ../build/startup_stm32f411xe.o
 .debug_abbrev  0x000000000000119d       0xb8 /usr/lib/gcc/arm-none-eabi/4.9.3/../../../arm-none-eabi/lib/armv7e-m/libg.a(lib_a-atexit.o)
 .debug_abbrev  0x0000000000001255       0xbd /usr/lib/gcc/arm-none-eabi/4.9.3/../../../arm-none-eabi/lib/armv7e-m/libg.a(lib_a-fini.o)
 .debug_abbrev  0x0000000000001312      0x180 /usr/lib/gcc/arm-none-eabi/4.9.3/../../../arm-none-eabi/lib/armv7e-m/libg.a(lib_a-impure.o)
 .debug_abbrev  0x0000000000001492       0xba /usr/lib/gcc/arm-none-eabi/4.9.3/../../../arm-none-eabi/lib/armv7e-m/libg.a(lib_a-init.o)
 .debug_abbrev  0x000000000000154c       0x9f /usr/lib/gcc/arm-none-eabi/4.9.3/../../../arm-none-eabi/lib/armv7e-m/libg.a(lib_a-memset.o)
 .debug_abbrev  0x00000000000015eb      0x25e /usr/lib/gcc/arm-none-eabi/4.9.3/../../../arm-none-eabi/lib/armv7e-m/libg.a(lib_a-puts.o)
 .debug_abbrev  0x0000000000001849      0x25c /usr/lib/gcc/arm-none-eabi/4.9.3/../../../arm-none-eabi/lib/armv7e-m/libg.a(lib_a-reent.o)
 .debug_abbrev  0x0000000000001aa5       0x70 /usr/lib/gcc/arm-none-eabi/4.9.3/../../../arm-none-eabi/lib/armv7e-m/libg.a(lib_a-strlen.o)
 .debug_abbrev  0x0000000000001b15      0x20f /usr/lib/gcc/arm-none-eabi/4.9.3/../../../arm-none-eabi/lib/armv7e-m/libg.a(lib_a-__atexit.o)
 .debug_abbrev  0x0000000000001d24      0x285 /usr/lib/gcc/arm-none-eabi/4.9.3/../../../arm-none-eabi/lib/armv7e-m/libg.a(lib_a-__call_atexit.o)
 .debug_abbrev  0x0000000000001fa9      0x36d /usr/lib/gcc/arm-none-eabi/4.9.3/../../../arm-none-eabi/lib/armv7e-m/libg.a(lib_a-findfp.o)
 .debug_abbrev  0x0000000000002316      0x27b /usr/lib/gcc/arm-none-eabi/4.9.3/../../../arm-none-eabi/lib/armv7e-m/libg.a(lib_a-freer.o)
 .debug_abbrev  0x0000000000002591      0x24a /usr/lib/gcc/arm-none-eabi/4.9.3/../../../arm-none-eabi/lib/armv7e-m/libg.a(lib_a-fvwrite.o)
 .debug_abbrev  0x00000000000027db      0x1c2 /usr/lib/gcc/arm-none-eabi/4.9.3/../../../arm-none-eabi/lib/armv7e-m/libg.a(lib_a-fwalk.o)
 .debug_abbrev  0x000000000000299d      0x2ad /usr/lib/gcc/arm-none-eabi/4.9.3/../../../arm-none-eabi/lib/armv7e-m/libg.a(lib_a-mallocr.o)
 .debug_abbrev  0x0000000000002c4a       0xba /usr/lib/gcc/arm-none-eabi/4.9.3/../../../arm-none-eabi/lib/armv7e-m/libg.a(lib_a-memchr.o)
 .debug_abbrev  0x0000000000002d04       0x14 /usr/lib/gcc/arm-none-eabi/4.9.3/../../../arm-none-eabi/lib/armv7e-m/libg.a(lib_a-memcpy.o)
 .debug_abbrev  0x0000000000002d18       0xab /usr/lib/gcc/arm-none-eabi/4.9.3/../../../arm-none-eabi/lib/armv7e-m/libg.a(lib_a-memmove.o)
 .debug_abbrev  0x0000000000002dc3      0x19a /usr/lib/gcc/arm-none-eabi/4.9.3/../../../arm-none-eabi/lib/armv7e-m/libg.a(lib_a-mlock.o)
 .debug_abbrev  0x0000000000002f5d      0x260 /usr/lib/gcc/arm-none-eabi/4.9.3/../../../arm-none-eabi/lib/armv7e-m/libg.a(lib_a-reallocr.o)
 .debug_abbrev  0x00000000000031bd      0x1fd /usr/lib/gcc/arm-none-eabi/4.9.3/../../../arm-none-eabi/lib/armv7e-m/libg.a(lib_a-sbrkr.o)
 .debug_abbrev  0x00000000000033ba      0x246 /usr/lib/gcc/arm-none-eabi/4.9.3/../../../arm-none-eabi/lib/armv7e-m/libg.a(lib_a-stdio.o)
 .debug_abbrev  0x0000000000003600      0x1f4 /usr/lib/gcc/arm-none-eabi/4.9.3/../../../arm-none-eabi/lib/armv7e-m/libg.a(lib_a-writer.o)
 .debug_abbrev  0x00000000000037f4      0x20b /usr/lib/gcc/arm-none-eabi/4.9.3/../../../arm-none-eabi/lib/armv7e-m/libg.a(lib_a-wsetup.o)
 .debug_abbrev  0x00000000000039ff      0x1ef /usr/lib/gcc/arm-none-eabi/4.9.3/../../../arm-none-eabi/lib/armv7e-m/libg.a(lib_a-closer.o)
 .debug_abbrev  0x0000000000003bee      0x2aa /usr/lib/gcc/arm-none-eabi/4.9.3/../../../arm-none-eabi/lib/armv7e-m/libg.a(lib_a-fclose.o)
 .debug_abbrev  0x0000000000003e98      0x2a1 /usr/lib/gcc/arm-none-eabi/4.9.3/../../../arm-none-eabi/lib/armv7e-m/libg.a(lib_a-fflush.o)
 .debug_abbrev  0x0000000000004139      0x1fe /usr/lib/gcc/arm-none-eabi/4.9.3/../../../arm-none-eabi/lib/armv7e-m/libg.a(lib_a-lseekr.o)
 .debug_abbrev  0x0000000000004337      0x206 /usr/lib/gcc/arm-none-eabi/4.9.3/../../../arm-none-eabi/lib/armv7e-m/libg.a(lib_a-makebuf.o)
 .debug_abbrev  0x000000000000453d      0x1ef /usr/lib/gcc/arm-none-eabi/4.9.3/../../../arm-none-eabi/lib/armv7e-m/libg.a(lib_a-readr.o)
 .debug_abbrev  0x000000000000472c      0x1fe /usr/lib/gcc/arm-none-eabi/4.9.3/../../../arm-none-eabi/lib/armv7e-m/libg.a(lib_a-fstatr.o)
 .debug_abbrev  0x000000000000492a      0x1ef /usr/lib/gcc/arm-none-eabi/4.9.3/../../../arm-none-eabi/lib/armv7e-m/libg.a(lib_a-isattyr.o)

.debug_aranges  0x0000000000000000      0xd70
 .debug_aranges
                0x0000000000000000       0x48 ../build/main.o
 .debug_aranges
                0x0000000000000048       0xc0 ../build/stm32f4xx_hal.o
 .debug_aranges
                0x0000000000000108      0x150 ../build/stm32f4xx_hal_uart.o
 .debug_aranges
                0x0000000000000258      0x368 ../build/stm32f4xx_hal_tim.o
 .debug_aranges
                0x00000000000005c0       0x58 ../build/stm32f4xx_hal_gpio.o
 .debug_aranges
                0x0000000000000618       0x88 ../build/stm32f4xx_hal_rcc.o
 .debug_aranges
                0x00000000000006a0      0x100 ../build/stm32f4xx_hal_cortex.o
 .debug_aranges
                0x00000000000007a0       0x28 ../build/system_stm32f4xx.o
 .debug_aranges
                0x00000000000007c8       0xb8 ../build/syscalls.o
 .debug_aranges
                0x0000000000000880       0x28 ../build/startup_stm32f411xe.o
 .debug_aranges
                0x00000000000008a8       0x20 /usr/lib/gcc/arm-none-eabi/4.9.3/../../../arm-none-eabi/lib/armv7e-m/libg.a(lib_a-atexit.o)
 .debug_aranges
                0x00000000000008c8       0x20 /usr/lib/gcc/arm-none-eabi/4.9.3/../../../arm-none-eabi/lib/armv7e-m/libg.a(lib_a-fini.o)
 .debug_aranges
                0x00000000000008e8       0x18 /usr/lib/gcc/arm-none-eabi/4.9.3/../../../arm-none-eabi/lib/armv7e-m/libg.a(lib_a-impure.o)
 .debug_aranges
                0x0000000000000900       0x20 /usr/lib/gcc/arm-none-eabi/4.9.3/../../../arm-none-eabi/lib/armv7e-m/libg.a(lib_a-init.o)
 .debug_aranges
                0x0000000000000920       0x20 /usr/lib/gcc/arm-none-eabi/4.9.3/../../../arm-none-eabi/lib/armv7e-m/libg.a(lib_a-memset.o)
 .debug_aranges
                0x0000000000000940       0x28 /usr/lib/gcc/arm-none-eabi/4.9.3/../../../arm-none-eabi/lib/armv7e-m/libg.a(lib_a-puts.o)
 .debug_aranges
                0x0000000000000968       0x28 /usr/lib/gcc/arm-none-eabi/4.9.3/../../../arm-none-eabi/lib/armv7e-m/libg.a(lib_a-reent.o)
 .debug_aranges
                0x0000000000000990       0x20 /usr/lib/gcc/arm-none-eabi/4.9.3/../../../arm-none-eabi/lib/armv7e-m/libg.a(lib_a-strlen.o)
 .debug_aranges
                0x00000000000009b0       0x20 /usr/lib/gcc/arm-none-eabi/4.9.3/../../../arm-none-eabi/lib/armv7e-m/libg.a(lib_a-__atexit.o)
 .debug_aranges
                0x00000000000009d0       0x28 /usr/lib/gcc/arm-none-eabi/4.9.3/../../../arm-none-eabi/lib/armv7e-m/libg.a(lib_a-__call_atexit.o)
 .debug_aranges
                0x00000000000009f8       0x88 /usr/lib/gcc/arm-none-eabi/4.9.3/../../../arm-none-eabi/lib/armv7e-m/libg.a(lib_a-findfp.o)
 .debug_aranges
                0x0000000000000a80       0x28 /usr/lib/gcc/arm-none-eabi/4.9.3/../../../arm-none-eabi/lib/armv7e-m/libg.a(lib_a-freer.o)
 .debug_aranges
                0x0000000000000aa8       0x20 /usr/lib/gcc/arm-none-eabi/4.9.3/../../../arm-none-eabi/lib/armv7e-m/libg.a(lib_a-fvwrite.o)
 .debug_aranges
                0x0000000000000ac8       0x28 /usr/lib/gcc/arm-none-eabi/4.9.3/../../../arm-none-eabi/lib/armv7e-m/libg.a(lib_a-fwalk.o)
 .debug_aranges
                0x0000000000000af0       0x20 /usr/lib/gcc/arm-none-eabi/4.9.3/../../../arm-none-eabi/lib/armv7e-m/libg.a(lib_a-mallocr.o)
 .debug_aranges
                0x0000000000000b10       0x20 /usr/lib/gcc/arm-none-eabi/4.9.3/../../../arm-none-eabi/lib/armv7e-m/libg.a(lib_a-memchr.o)
 .debug_aranges
                0x0000000000000b30       0x20 /usr/lib/gcc/arm-none-eabi/4.9.3/../../../arm-none-eabi/lib/armv7e-m/libg.a(lib_a-memcpy.o)
 .debug_aranges
                0x0000000000000b50       0x20 /usr/lib/gcc/arm-none-eabi/4.9.3/../../../arm-none-eabi/lib/armv7e-m/libg.a(lib_a-memmove.o)
 .debug_aranges
                0x0000000000000b70       0x28 /usr/lib/gcc/arm-none-eabi/4.9.3/../../../arm-none-eabi/lib/armv7e-m/libg.a(lib_a-mlock.o)
 .debug_aranges
                0x0000000000000b98       0x20 /usr/lib/gcc/arm-none-eabi/4.9.3/../../../arm-none-eabi/lib/armv7e-m/libg.a(lib_a-reallocr.o)
 .debug_aranges
                0x0000000000000bb8       0x20 /usr/lib/gcc/arm-none-eabi/4.9.3/../../../arm-none-eabi/lib/armv7e-m/libg.a(lib_a-sbrkr.o)
 .debug_aranges
                0x0000000000000bd8       0x40 /usr/lib/gcc/arm-none-eabi/4.9.3/../../../arm-none-eabi/lib/armv7e-m/libg.a(lib_a-stdio.o)
 .debug_aranges
                0x0000000000000c18       0x20 /usr/lib/gcc/arm-none-eabi/4.9.3/../../../arm-none-eabi/lib/armv7e-m/libg.a(lib_a-writer.o)
 .debug_aranges
                0x0000000000000c38       0x20 /usr/lib/gcc/arm-none-eabi/4.9.3/../../../arm-none-eabi/lib/armv7e-m/libg.a(lib_a-wsetup.o)
 .debug_aranges
                0x0000000000000c58       0x20 /usr/lib/gcc/arm-none-eabi/4.9.3/../../../arm-none-eabi/lib/armv7e-m/libg.a(lib_a-closer.o)
 .debug_aranges
                0x0000000000000c78       0x28 /usr/lib/gcc/arm-none-eabi/4.9.3/../../../arm-none-eabi/lib/armv7e-m/libg.a(lib_a-fclose.o)
 .debug_aranges
                0x0000000000000ca0       0x30 /usr/lib/gcc/arm-none-eabi/4.9.3/../../../arm-none-eabi/lib/armv7e-m/libg.a(lib_a-fflush.o)
 .debug_aranges
                0x0000000000000cd0       0x20 /usr/lib/gcc/arm-none-eabi/4.9.3/../../../arm-none-eabi/lib/armv7e-m/libg.a(lib_a-lseekr.o)
 .debug_aranges
                0x0000000000000cf0       0x20 /usr/lib/gcc/arm-none-eabi/4.9.3/../../../arm-none-eabi/lib/armv7e-m/libg.a(lib_a-makebuf.o)
 .debug_aranges
                0x0000000000000d10       0x20 /usr/lib/gcc/arm-none-eabi/4.9.3/../../../arm-none-eabi/lib/armv7e-m/libg.a(lib_a-readr.o)
 .debug_aranges
                0x0000000000000d30       0x20 /usr/lib/gcc/arm-none-eabi/4.9.3/../../../arm-none-eabi/lib/armv7e-m/libg.a(lib_a-fstatr.o)
 .debug_aranges
                0x0000000000000d50       0x20 /usr/lib/gcc/arm-none-eabi/4.9.3/../../../arm-none-eabi/lib/armv7e-m/libg.a(lib_a-isattyr.o)

.debug_ranges   0x0000000000000000      0xde8
 .debug_ranges  0x0000000000000000       0x38 ../build/main.o
 .debug_ranges  0x0000000000000038       0xb0 ../build/stm32f4xx_hal.o
 .debug_ranges  0x00000000000000e8      0x140 ../build/stm32f4xx_hal_uart.o
 .debug_ranges  0x0000000000000228      0x358 ../build/stm32f4xx_hal_tim.o
 .debug_ranges  0x0000000000000580       0x48 ../build/stm32f4xx_hal_gpio.o
 .debug_ranges  0x00000000000005c8       0x78 ../build/stm32f4xx_hal_rcc.o
 .debug_ranges  0x0000000000000640       0xf0 ../build/stm32f4xx_hal_cortex.o
 .debug_ranges  0x0000000000000730       0x18 ../build/system_stm32f4xx.o
 .debug_ranges  0x0000000000000748       0xa8 ../build/syscalls.o
 .debug_ranges  0x00000000000007f0       0x20 ../build/startup_stm32f411xe.o
 .debug_ranges  0x0000000000000810       0x10 /usr/lib/gcc/arm-none-eabi/4.9.3/../../../arm-none-eabi/lib/armv7e-m/libg.a(lib_a-atexit.o)
 .debug_ranges  0x0000000000000820       0x10 /usr/lib/gcc/arm-none-eabi/4.9.3/../../../arm-none-eabi/lib/armv7e-m/libg.a(lib_a-fini.o)
 .debug_ranges  0x0000000000000830       0x10 /usr/lib/gcc/arm-none-eabi/4.9.3/../../../arm-none-eabi/lib/armv7e-m/libg.a(lib_a-init.o)
 .debug_ranges  0x0000000000000840       0x10 /usr/lib/gcc/arm-none-eabi/4.9.3/../../../arm-none-eabi/lib/armv7e-m/libg.a(lib_a-memset.o)
 .debug_ranges  0x0000000000000850       0x38 /usr/lib/gcc/arm-none-eabi/4.9.3/../../../arm-none-eabi/lib/armv7e-m/libg.a(lib_a-puts.o)
 .debug_ranges  0x0000000000000888       0x18 /usr/lib/gcc/arm-none-eabi/4.9.3/../../../arm-none-eabi/lib/armv7e-m/libg.a(lib_a-reent.o)
 .debug_ranges  0x00000000000008a0       0x10 /usr/lib/gcc/arm-none-eabi/4.9.3/../../../arm-none-eabi/lib/armv7e-m/libg.a(lib_a-strlen.o)
 .debug_ranges  0x00000000000008b0       0x10 /usr/lib/gcc/arm-none-eabi/4.9.3/../../../arm-none-eabi/lib/armv7e-m/libg.a(lib_a-__atexit.o)
 .debug_ranges  0x00000000000008c0       0x30 /usr/lib/gcc/arm-none-eabi/4.9.3/../../../arm-none-eabi/lib/armv7e-m/libg.a(lib_a-__call_atexit.o)
 .debug_ranges  0x00000000000008f0       0xe8 /usr/lib/gcc/arm-none-eabi/4.9.3/../../../arm-none-eabi/lib/armv7e-m/libg.a(lib_a-findfp.o)
 .debug_ranges  0x00000000000009d8       0x18 /usr/lib/gcc/arm-none-eabi/4.9.3/../../../arm-none-eabi/lib/armv7e-m/libg.a(lib_a-freer.o)
 .debug_ranges  0x00000000000009f0       0x30 /usr/lib/gcc/arm-none-eabi/4.9.3/../../../arm-none-eabi/lib/armv7e-m/libg.a(lib_a-fvwrite.o)
 .debug_ranges  0x0000000000000a20       0x18 /usr/lib/gcc/arm-none-eabi/4.9.3/../../../arm-none-eabi/lib/armv7e-m/libg.a(lib_a-fwalk.o)
 .debug_ranges  0x0000000000000a38       0x50 /usr/lib/gcc/arm-none-eabi/4.9.3/../../../arm-none-eabi/lib/armv7e-m/libg.a(lib_a-mallocr.o)
 .debug_ranges  0x0000000000000a88       0x10 /usr/lib/gcc/arm-none-eabi/4.9.3/../../../arm-none-eabi/lib/armv7e-m/libg.a(lib_a-memchr.o)
 .debug_ranges  0x0000000000000a98       0x10 /usr/lib/gcc/arm-none-eabi/4.9.3/../../../arm-none-eabi/lib/armv7e-m/libg.a(lib_a-memmove.o)
 .debug_ranges  0x0000000000000aa8       0x18 /usr/lib/gcc/arm-none-eabi/4.9.3/../../../arm-none-eabi/lib/armv7e-m/libg.a(lib_a-mlock.o)
 .debug_ranges  0x0000000000000ac0      0x180 /usr/lib/gcc/arm-none-eabi/4.9.3/../../../arm-none-eabi/lib/armv7e-m/libg.a(lib_a-reallocr.o)
 .debug_ranges  0x0000000000000c40       0x10 /usr/lib/gcc/arm-none-eabi/4.9.3/../../../arm-none-eabi/lib/armv7e-m/libg.a(lib_a-sbrkr.o)
 .debug_ranges  0x0000000000000c50       0x30 /usr/lib/gcc/arm-none-eabi/4.9.3/../../../arm-none-eabi/lib/armv7e-m/libg.a(lib_a-stdio.o)
 .debug_ranges  0x0000000000000c80       0x10 /usr/lib/gcc/arm-none-eabi/4.9.3/../../../arm-none-eabi/lib/armv7e-m/libg.a(lib_a-writer.o)
 .debug_ranges  0x0000000000000c90       0x30 /usr/lib/gcc/arm-none-eabi/4.9.3/../../../arm-none-eabi/lib/armv7e-m/libg.a(lib_a-wsetup.o)
 .debug_ranges  0x0000000000000cc0       0x10 /usr/lib/gcc/arm-none-eabi/4.9.3/../../../arm-none-eabi/lib/armv7e-m/libg.a(lib_a-closer.o)
 .debug_ranges  0x0000000000000cd0       0x48 /usr/lib/gcc/arm-none-eabi/4.9.3/../../../arm-none-eabi/lib/armv7e-m/libg.a(lib_a-fclose.o)
 .debug_ranges  0x0000000000000d18       0x80 /usr/lib/gcc/arm-none-eabi/4.9.3/../../../arm-none-eabi/lib/armv7e-m/libg.a(lib_a-fflush.o)
 .debug_ranges  0x0000000000000d98       0x10 /usr/lib/gcc/arm-none-eabi/4.9.3/../../../arm-none-eabi/lib/armv7e-m/libg.a(lib_a-lseekr.o)
 .debug_ranges  0x0000000000000da8       0x10 /usr/lib/gcc/arm-none-eabi/4.9.3/../../../arm-none-eabi/lib/armv7e-m/libg.a(lib_a-makebuf.o)
 .debug_ranges  0x0000000000000db8       0x10 /usr/lib/gcc/arm-none-eabi/4.9.3/../../../arm-none-eabi/lib/armv7e-m/libg.a(lib_a-readr.o)
 .debug_ranges  0x0000000000000dc8       0x10 /usr/lib/gcc/arm-none-eabi/4.9.3/../../../arm-none-eabi/lib/armv7e-m/libg.a(lib_a-fstatr.o)
 .debug_ranges  0x0000000000000dd8       0x10 /usr/lib/gcc/arm-none-eabi/4.9.3/../../../arm-none-eabi/lib/armv7e-m/libg.a(lib_a-isattyr.o)

.debug_macro    0x0000000000000000     0xf17b
 .debug_macro   0x0000000000000000      0x2d1 ../build/main.o
 .debug_macro   0x00000000000002d1      0x874 ../build/main.o
 .debug_macro   0x0000000000000b45      0x1b4 ../build/main.o
 .debug_macro   0x0000000000000cf9       0x2e ../build/main.o
 .debug_macro   0x0000000000000d27       0x28 ../build/main.o
 .debug_macro   0x0000000000000d4f       0x3b ../build/main.o
 .debug_macro   0x0000000000000d8a       0x22 ../build/main.o
 .debug_macro   0x0000000000000dac       0x44 ../build/main.o
 .debug_macro   0x0000000000000df0       0xe3 ../build/main.o
 .debug_macro   0x0000000000000ed3       0x22 ../build/main.o
 .debug_macro   0x0000000000000ef5      0x1df ../build/main.o
 .debug_macro   0x00000000000010d4       0x2d ../build/main.o
 .debug_macro   0x0000000000001101       0x26 ../build/main.o
 .debug_macro   0x0000000000001127      0xd39 ../build/main.o
 .debug_macro   0x0000000000001e60     0x5084 ../build/main.o
 .debug_macro   0x0000000000006ee4       0x43 ../build/main.o
 .debug_macro   0x0000000000006f27     0x296e ../build/main.o
 .debug_macro   0x0000000000009895       0x58 ../build/main.o
 .debug_macro   0x00000000000098ed       0x35 ../build/main.o
 .debug_macro   0x0000000000009922       0x9c ../build/main.o
 .debug_macro   0x00000000000099be       0x16 ../build/main.o
 .debug_macro   0x00000000000099d4       0x97 ../build/main.o
 .debug_macro   0x0000000000009a6b      0x27a ../build/main.o
 .debug_macro   0x0000000000009ce5       0xf6 ../build/main.o
 .debug_macro   0x0000000000009ddb       0x10 ../build/main.o
 .debug_macro   0x0000000000009deb       0x52 ../build/main.o
 .debug_macro   0x0000000000009e3d       0x16 ../build/main.o
 .debug_macro   0x0000000000009e53       0x43 ../build/main.o
 .debug_macro   0x0000000000009e96      0x180 ../build/main.o
 .debug_macro   0x000000000000a016       0x10 ../build/main.o
 .debug_macro   0x000000000000a026       0x22 ../build/main.o
 .debug_macro   0x000000000000a048       0xbe ../build/main.o
 .debug_macro   0x000000000000a106       0x16 ../build/main.o
 .debug_macro   0x000000000000a11c      0x197 ../build/main.o
 .debug_macro   0x000000000000a2b3       0x57 ../build/main.o
 .debug_macro   0x000000000000a30a       0xb2 ../build/main.o
 .debug_macro   0x000000000000a3bc      0xbb0 ../build/main.o
 .debug_macro   0x000000000000af6c      0x11e ../build/main.o
 .debug_macro   0x000000000000b08a      0x11b ../build/main.o
 .debug_macro   0x000000000000b1a5       0x27 ../build/main.o
 .debug_macro   0x000000000000b1cc      0x272 ../build/main.o
 .debug_macro   0x000000000000b43e       0x5f ../build/main.o
 .debug_macro   0x000000000000b49d       0x5d ../build/main.o
 .debug_macro   0x000000000000b4fa      0x31a ../build/main.o
 .debug_macro   0x000000000000b814      0x15b ../build/main.o
 .debug_macro   0x000000000000b96f       0xd6 ../build/main.o
 .debug_macro   0x000000000000ba45      0x133 ../build/main.o
 .debug_macro   0x000000000000bb78      0x25d ../build/main.o
 .debug_macro   0x000000000000bdd5       0x2e ../build/main.o
 .debug_macro   0x000000000000be03      0x12c ../build/main.o
 .debug_macro   0x000000000000bf2f       0x77 ../build/main.o
 .debug_macro   0x000000000000bfa6       0x90 ../build/main.o
 .debug_macro   0x000000000000c036      0x202 ../build/main.o
 .debug_macro   0x000000000000c238      0x6d9 ../build/main.o
 .debug_macro   0x000000000000c911       0x59 ../build/main.o
 .debug_macro   0x000000000000c96a      0x14d ../build/main.o
 .debug_macro   0x000000000000cab7      0x287 ../build/main.o
 .debug_macro   0x000000000000cd3e      0x11e ../build/main.o
 .debug_macro   0x000000000000ce5c      0x183 ../build/main.o
 .debug_macro   0x000000000000cfdf       0x7c ../build/main.o
 .debug_macro   0x000000000000d05b       0x16 ../build/main.o
 .debug_macro   0x000000000000d071       0x35 ../build/main.o
 .debug_macro   0x000000000000d0a6      0x2ea ../build/stm32f4xx_hal.o
 .debug_macro   0x000000000000d390      0x2a4 ../build/stm32f4xx_hal_uart.o
 .debug_macro   0x000000000000d634      0x29d ../build/stm32f4xx_hal_tim.o
 .debug_macro   0x000000000000d8d1      0x2d4 ../build/stm32f4xx_hal_gpio.o
 .debug_macro   0x000000000000dba5      0x2c6 ../build/stm32f4xx_hal_rcc.o
 .debug_macro   0x000000000000de6b      0x29c ../build/stm32f4xx_hal_cortex.o
 .debug_macro   0x000000000000e107       0xbd ../build/system_stm32f4xx.o
 .debug_macro   0x000000000000e1c4      0x212 ../build/syscalls.o
 .debug_macro   0x000000000000e3d6       0x4a ../build/syscalls.o
 .debug_macro   0x000000000000e420      0x16d ../build/syscalls.o
 .debug_macro   0x000000000000e58d       0x10 ../build/syscalls.o
 .debug_macro   0x000000000000e59d       0x10 ../build/syscalls.o
 .debug_macro   0x000000000000e5ad       0x10 ../build/syscalls.o
 .debug_macro   0x000000000000e5bd       0x10 ../build/syscalls.o
 .debug_macro   0x000000000000e5cd       0x35 ../build/syscalls.o
 .debug_macro   0x000000000000e602      0x122 ../build/syscalls.o
 .debug_macro   0x000000000000e724      0x1cd ../build/syscalls.o
 .debug_macro   0x000000000000e8f1       0x10 ../build/syscalls.o
 .debug_macro   0x000000000000e901       0x1c ../build/syscalls.o
 .debug_macro   0x000000000000e91d       0x2e ../build/syscalls.o
 .debug_macro   0x000000000000e94b       0x82 ../build/syscalls.o
 .debug_macro   0x000000000000e9cd       0x10 ../build/syscalls.o
 .debug_macro   0x000000000000e9dd      0x241 ../build/syscalls.o
 .debug_macro   0x000000000000ec1e       0x16 ../build/syscalls.o
 .debug_macro   0x000000000000ec34       0x16 ../build/syscalls.o
 .debug_macro   0x000000000000ec4a      0x4f7 ../build/syscalls.o
 .debug_macro   0x000000000000f141       0x3a ../build/syscalls.o

.debug_line     0x0000000000000000     0x78be
 .debug_line    0x0000000000000000      0x53a ../build/main.o
 .debug_line    0x000000000000053a      0x614 ../build/stm32f4xx_hal.o
 .debug_line    0x0000000000000b4e      0xb03 ../build/stm32f4xx_hal_uart.o
 .debug_line    0x0000000000001651     0x1408 ../build/stm32f4xx_hal_tim.o
 .debug_line    0x0000000000002a59      0x60b ../build/stm32f4xx_hal_gpio.o
 .debug_line    0x0000000000003064      0x7cd ../build/stm32f4xx_hal_rcc.o
 .debug_line    0x0000000000003831      0x729 ../build/stm32f4xx_hal_cortex.o
 .debug_line    0x0000000000003f5a      0x1bc ../build/system_stm32f4xx.o
 .debug_line    0x0000000000004116      0x3f0 ../build/syscalls.o
 .debug_line    0x0000000000004506       0x74 ../build/startup_stm32f411xe.o
 .debug_line    0x000000000000457a       0xc1 /usr/lib/gcc/arm-none-eabi/4.9.3/../../../arm-none-eabi/lib/armv7e-m/libg.a(lib_a-atexit.o)
 .debug_line    0x000000000000463b       0x9c /usr/lib/gcc/arm-none-eabi/4.9.3/../../../arm-none-eabi/lib/armv7e-m/libg.a(lib_a-fini.o)
 .debug_line    0x00000000000046d7       0xf1 /usr/lib/gcc/arm-none-eabi/4.9.3/../../../arm-none-eabi/lib/armv7e-m/libg.a(lib_a-impure.o)
 .debug_line    0x00000000000047c8       0xb5 /usr/lib/gcc/arm-none-eabi/4.9.3/../../../arm-none-eabi/lib/armv7e-m/libg.a(lib_a-init.o)
 .debug_line    0x000000000000487d      0x119 /usr/lib/gcc/arm-none-eabi/4.9.3/../../../arm-none-eabi/lib/armv7e-m/libg.a(lib_a-memset.o)
 .debug_line    0x0000000000004996      0x1b6 /usr/lib/gcc/arm-none-eabi/4.9.3/../../../arm-none-eabi/lib/armv7e-m/libg.a(lib_a-puts.o)
 .debug_line    0x0000000000004b4c      0x19a /usr/lib/gcc/arm-none-eabi/4.9.3/../../../arm-none-eabi/lib/armv7e-m/libg.a(lib_a-reent.o)
 .debug_line    0x0000000000004ce6       0xf2 /usr/lib/gcc/arm-none-eabi/4.9.3/../../../arm-none-eabi/lib/armv7e-m/libg.a(lib_a-strlen.o)
 .debug_line    0x0000000000004dd8      0x193 /usr/lib/gcc/arm-none-eabi/4.9.3/../../../arm-none-eabi/lib/armv7e-m/libg.a(lib_a-__atexit.o)
 .debug_line    0x0000000000004f6b      0x1c5 /usr/lib/gcc/arm-none-eabi/4.9.3/../../../arm-none-eabi/lib/armv7e-m/libg.a(lib_a-__call_atexit.o)
 .debug_line    0x0000000000005130      0x31c /usr/lib/gcc/arm-none-eabi/4.9.3/../../../arm-none-eabi/lib/armv7e-m/libg.a(lib_a-findfp.o)
 .debug_line    0x000000000000544c      0x26e /usr/lib/gcc/arm-none-eabi/4.9.3/../../../arm-none-eabi/lib/armv7e-m/libg.a(lib_a-freer.o)
 .debug_line    0x00000000000056ba      0x2e8 /usr/lib/gcc/arm-none-eabi/4.9.3/../../../arm-none-eabi/lib/armv7e-m/libg.a(lib_a-fvwrite.o)
 .debug_line    0x00000000000059a2      0x1b7 /usr/lib/gcc/arm-none-eabi/4.9.3/../../../arm-none-eabi/lib/armv7e-m/libg.a(lib_a-fwalk.o)
 .debug_line    0x0000000000005b59      0x38b /usr/lib/gcc/arm-none-eabi/4.9.3/../../../arm-none-eabi/lib/armv7e-m/libg.a(lib_a-mallocr.o)
 .debug_line    0x0000000000005ee4      0x11d /usr/lib/gcc/arm-none-eabi/4.9.3/../../../arm-none-eabi/lib/armv7e-m/libg.a(lib_a-memchr.o)
 .debug_line    0x0000000000006001       0xb8 /usr/lib/gcc/arm-none-eabi/4.9.3/../../../arm-none-eabi/lib/armv7e-m/libg.a(lib_a-memcpy.o)
 .debug_line    0x00000000000060b9      0x11f /usr/lib/gcc/arm-none-eabi/4.9.3/../../../arm-none-eabi/lib/armv7e-m/libg.a(lib_a-memmove.o)
 .debug_line    0x00000000000061d8      0x10f /usr/lib/gcc/arm-none-eabi/4.9.3/../../../arm-none-eabi/lib/armv7e-m/libg.a(lib_a-mlock.o)
 .debug_line    0x00000000000062e7      0x29a /usr/lib/gcc/arm-none-eabi/4.9.3/../../../arm-none-eabi/lib/armv7e-m/libg.a(lib_a-reallocr.o)
 .debug_line    0x0000000000006581      0x161 /usr/lib/gcc/arm-none-eabi/4.9.3/../../../arm-none-eabi/lib/armv7e-m/libg.a(lib_a-sbrkr.o)
 .debug_line    0x00000000000066e2      0x1d3 /usr/lib/gcc/arm-none-eabi/4.9.3/../../../arm-none-eabi/lib/armv7e-m/libg.a(lib_a-stdio.o)
 .debug_line    0x00000000000068b5      0x163 /usr/lib/gcc/arm-none-eabi/4.9.3/../../../arm-none-eabi/lib/armv7e-m/libg.a(lib_a-writer.o)
 .debug_line    0x0000000000006a18      0x1bd /usr/lib/gcc/arm-none-eabi/4.9.3/../../../arm-none-eabi/lib/armv7e-m/libg.a(lib_a-wsetup.o)
 .debug_line    0x0000000000006bd5      0x162 /usr/lib/gcc/arm-none-eabi/4.9.3/../../../arm-none-eabi/lib/armv7e-m/libg.a(lib_a-closer.o)
 .debug_line    0x0000000000006d37      0x1b0 /usr/lib/gcc/arm-none-eabi/4.9.3/../../../arm-none-eabi/lib/armv7e-m/libg.a(lib_a-fclose.o)
 .debug_line    0x0000000000006ee7      0x258 /usr/lib/gcc/arm-none-eabi/4.9.3/../../../arm-none-eabi/lib/armv7e-m/libg.a(lib_a-fflush.o)
 .debug_line    0x000000000000713f      0x163 /usr/lib/gcc/arm-none-eabi/4.9.3/../../../arm-none-eabi/lib/armv7e-m/libg.a(lib_a-lseekr.o)
 .debug_line    0x00000000000072a2      0x1e0 /usr/lib/gcc/arm-none-eabi/4.9.3/../../../arm-none-eabi/lib/armv7e-m/libg.a(lib_a-makebuf.o)
 .debug_line    0x0000000000007482      0x162 /usr/lib/gcc/arm-none-eabi/4.9.3/../../../arm-none-eabi/lib/armv7e-m/libg.a(lib_a-readr.o)
 .debug_line    0x00000000000075e4      0x177 /usr/lib/gcc/arm-none-eabi/4.9.3/../../../arm-none-eabi/lib/armv7e-m/libg.a(lib_a-fstatr.o)
 .debug_line    0x000000000000775b      0x163 /usr/lib/gcc/arm-none-eabi/4.9.3/../../../arm-none-eabi/lib/armv7e-m/libg.a(lib_a-isattyr.o)

.debug_str      0x0000000000000000    0x60d18
 .debug_str     0x0000000000000000    0x5b49e ../build/main.o
                                      0x5b7fd (size before relaxing)
 .debug_str     0x000000000005b49e      0x7fc ../build/stm32f4xx_hal.o
                                      0x5ac7a (size before relaxing)
 .debug_str     0x000000000005bc9a      0x388 ../build/stm32f4xx_hal_uart.o
                                      0x5aaa6 (size before relaxing)
 .debug_str     0x000000000005c022      0xc9e ../build/stm32f4xx_hal_tim.o
                                      0x5b425 (size before relaxing)
 .debug_str     0x000000000005ccc0      0x264 ../build/stm32f4xx_hal_gpio.o
                                      0x5a699 (size before relaxing)
 .debug_str     0x000000000005cf24      0x26b ../build/stm32f4xx_hal_rcc.o
                                      0x5a81d (size before relaxing)
 .debug_str     0x000000000005d18f      0x2d2 ../build/stm32f4xx_hal_cortex.o
                                      0x5aa17 (size before relaxing)
 .debug_str     0x000000000005d461       0x53 ../build/system_stm32f4xx.o
                                      0x26462 (size before relaxing)
 .debug_str     0x000000000005d4b4     0x2617 ../build/syscalls.o
                                       0x7d53 (size before relaxing)
 .debug_str     0x000000000005facb      0x162 /usr/lib/gcc/arm-none-eabi/4.9.3/../../../arm-none-eabi/lib/armv7e-m/libg.a(lib_a-atexit.o)
                                        0x1fb (size before relaxing)
 .debug_str     0x000000000005fc2d       0xc4 /usr/lib/gcc/arm-none-eabi/4.9.3/../../../arm-none-eabi/lib/armv7e-m/libg.a(lib_a-fini.o)
                                        0x1f3 (size before relaxing)
 .debug_str     0x000000000005fcf1      0x3e9 /usr/lib/gcc/arm-none-eabi/4.9.3/../../../arm-none-eabi/lib/armv7e-m/libg.a(lib_a-impure.o)
                                        0x58f (size before relaxing)
 .debug_str     0x00000000000600da       0x90 /usr/lib/gcc/arm-none-eabi/4.9.3/../../../arm-none-eabi/lib/armv7e-m/libg.a(lib_a-init.o)
                                        0x21d (size before relaxing)
 .debug_str     0x000000000006016a       0xaf /usr/lib/gcc/arm-none-eabi/4.9.3/../../../arm-none-eabi/lib/armv7e-m/libg.a(lib_a-memset.o)
                                        0x1d2 (size before relaxing)
 .debug_str     0x0000000000060219      0x105 /usr/lib/gcc/arm-none-eabi/4.9.3/../../../arm-none-eabi/lib/armv7e-m/libg.a(lib_a-puts.o)
                                        0x5f6 (size before relaxing)
 .debug_str     0x000000000006031e       0x60 /usr/lib/gcc/arm-none-eabi/4.9.3/../../../arm-none-eabi/lib/armv7e-m/libg.a(lib_a-reent.o)
                                        0x5ae (size before relaxing)
 .debug_str     0x000000000006037e       0xa1 /usr/lib/gcc/arm-none-eabi/4.9.3/../../../arm-none-eabi/lib/armv7e-m/libg.a(lib_a-strlen.o)
                                        0x1cb (size before relaxing)
 .debug_str     0x000000000006041f       0x30 /usr/lib/gcc/arm-none-eabi/4.9.3/../../../arm-none-eabi/lib/armv7e-m/libg.a(lib_a-__atexit.o)
                                        0x5d7 (size before relaxing)
 .debug_str     0x000000000006044f       0x86 /usr/lib/gcc/arm-none-eabi/4.9.3/../../../arm-none-eabi/lib/armv7e-m/libg.a(lib_a-__call_atexit.o)
                                        0x5ef (size before relaxing)
 .debug_str     0x00000000000604d5      0x127 /usr/lib/gcc/arm-none-eabi/4.9.3/../../../arm-none-eabi/lib/armv7e-m/libg.a(lib_a-findfp.o)
                                        0x6b6 (size before relaxing)
 .debug_str     0x00000000000605fc      0x16c /usr/lib/gcc/arm-none-eabi/4.9.3/../../../arm-none-eabi/lib/armv7e-m/libg.a(lib_a-freer.o)
                                        0x6e8 (size before relaxing)
 .debug_str     0x0000000000060768       0x83 /usr/lib/gcc/arm-none-eabi/4.9.3/../../../arm-none-eabi/lib/armv7e-m/libg.a(lib_a-fvwrite.o)
                                        0x621 (size before relaxing)
 .debug_str     0x00000000000607eb       0x3b /usr/lib/gcc/arm-none-eabi/4.9.3/../../../arm-none-eabi/lib/armv7e-m/libg.a(lib_a-fwalk.o)
                                        0x594 (size before relaxing)
 .debug_str     0x0000000000060826       0xe5 /usr/lib/gcc/arm-none-eabi/4.9.3/../../../arm-none-eabi/lib/armv7e-m/libg.a(lib_a-mallocr.o)
                                        0x79e (size before relaxing)
 .debug_str     0x000000000006090b       0x48 /usr/lib/gcc/arm-none-eabi/4.9.3/../../../arm-none-eabi/lib/armv7e-m/libg.a(lib_a-memchr.o)
                                        0x1d8 (size before relaxing)
 .debug_str     0x0000000000060953       0x50 /usr/lib/gcc/arm-none-eabi/4.9.3/../../../arm-none-eabi/lib/armv7e-m/libg.a(lib_a-memmove.o)
                                        0x1f1 (size before relaxing)
 .debug_str     0x00000000000609a3       0x42 /usr/lib/gcc/arm-none-eabi/4.9.3/../../../arm-none-eabi/lib/armv7e-m/libg.a(lib_a-mlock.o)
                                        0x598 (size before relaxing)
 .debug_str     0x00000000000609e5       0x4e /usr/lib/gcc/arm-none-eabi/4.9.3/../../../arm-none-eabi/lib/armv7e-m/libg.a(lib_a-reallocr.o)
                                        0x670 (size before relaxing)
 .debug_str     0x0000000000060a33       0x2c /usr/lib/gcc/arm-none-eabi/4.9.3/../../../arm-none-eabi/lib/armv7e-m/libg.a(lib_a-sbrkr.o)
                                        0x586 (size before relaxing)
 .debug_str     0x0000000000060a5f       0x8c /usr/lib/gcc/arm-none-eabi/4.9.3/../../../arm-none-eabi/lib/armv7e-m/libg.a(lib_a-stdio.o)
                                        0x5ea (size before relaxing)
 .debug_str     0x0000000000060aeb       0x2d /usr/lib/gcc/arm-none-eabi/4.9.3/../../../arm-none-eabi/lib/armv7e-m/libg.a(lib_a-writer.o)
                                        0x583 (size before relaxing)
 .debug_str     0x0000000000060b18       0x3a /usr/lib/gcc/arm-none-eabi/4.9.3/../../../arm-none-eabi/lib/armv7e-m/libg.a(lib_a-wsetup.o)
                                        0x5ae (size before relaxing)
 .debug_str     0x0000000000060b52       0x2d /usr/lib/gcc/arm-none-eabi/4.9.3/../../../arm-none-eabi/lib/armv7e-m/libg.a(lib_a-closer.o)
                                        0x573 (size before relaxing)
 .debug_str     0x0000000000060b7f       0x4e /usr/lib/gcc/arm-none-eabi/4.9.3/../../../arm-none-eabi/lib/armv7e-m/libg.a(lib_a-fclose.o)
                                        0x5dc (size before relaxing)
 .debug_str     0x0000000000060bcd       0x45 /usr/lib/gcc/arm-none-eabi/4.9.3/../../../arm-none-eabi/lib/armv7e-m/libg.a(lib_a-fflush.o)
                                        0x5ef (size before relaxing)
 .debug_str     0x0000000000060c12       0x2d /usr/lib/gcc/arm-none-eabi/4.9.3/../../../arm-none-eabi/lib/armv7e-m/libg.a(lib_a-lseekr.o)
                                        0x581 (size before relaxing)
 .debug_str     0x0000000000060c3f       0x4c /usr/lib/gcc/arm-none-eabi/4.9.3/../../../arm-none-eabi/lib/armv7e-m/libg.a(lib_a-makebuf.o)
                                        0x691 (size before relaxing)
 .debug_str     0x0000000000060c8b       0x2c /usr/lib/gcc/arm-none-eabi/4.9.3/../../../arm-none-eabi/lib/armv7e-m/libg.a(lib_a-readr.o)
                                        0x581 (size before relaxing)
 .debug_str     0x0000000000060cb7       0x33 /usr/lib/gcc/arm-none-eabi/4.9.3/../../../arm-none-eabi/lib/armv7e-m/libg.a(lib_a-fstatr.o)
                                        0x666 (size before relaxing)
 .debug_str     0x0000000000060cea       0x2e /usr/lib/gcc/arm-none-eabi/4.9.3/../../../arm-none-eabi/lib/armv7e-m/libg.a(lib_a-isattyr.o)
                                        0x57d (size before relaxing)

.debug_frame    0x0000000000000000     0x2cb0
 .debug_frame   0x0000000000000000       0xd0 ../build/main.o
 .debug_frame   0x00000000000000d0      0x2c0 ../build/stm32f4xx_hal.o
 .debug_frame   0x0000000000000390      0x5e8 ../build/stm32f4xx_hal_uart.o
 .debug_frame   0x0000000000000978      0xfd0 ../build/stm32f4xx_hal_tim.o
 .debug_frame   0x0000000000001948      0x14c ../build/stm32f4xx_hal_gpio.o
 .debug_frame   0x0000000000001a94      0x204 ../build/stm32f4xx_hal_rcc.o
 .debug_frame   0x0000000000001c98      0x428 ../build/stm32f4xx_hal_cortex.o
 .debug_frame   0x00000000000020c0       0x58 ../build/system_stm32f4xx.o
 .debug_frame   0x0000000000002118      0x318 ../build/syscalls.o
 .debug_frame   0x0000000000002430       0x20 /usr/lib/gcc/arm-none-eabi/4.9.3/../../../arm-none-eabi/lib/armv7e-m/libg.a(lib_a-atexit.o)
 .debug_frame   0x0000000000002450       0x34 /usr/lib/gcc/arm-none-eabi/4.9.3/../../../arm-none-eabi/lib/armv7e-m/libg.a(lib_a-fini.o)
 .debug_frame   0x0000000000002484       0x2c /usr/lib/gcc/arm-none-eabi/4.9.3/../../../arm-none-eabi/lib/armv7e-m/libg.a(lib_a-init.o)
 .debug_frame   0x00000000000024b0       0x34 /usr/lib/gcc/arm-none-eabi/4.9.3/../../../arm-none-eabi/lib/armv7e-m/libg.a(lib_a-memset.o)
 .debug_frame   0x00000000000024e4       0x48 /usr/lib/gcc/arm-none-eabi/4.9.3/../../../arm-none-eabi/lib/armv7e-m/libg.a(lib_a-puts.o)
 .debug_frame   0x000000000000252c       0x58 /usr/lib/gcc/arm-none-eabi/4.9.3/../../../arm-none-eabi/lib/armv7e-m/libg.a(lib_a-reent.o)
 .debug_frame   0x0000000000002584       0x20 /usr/lib/gcc/arm-none-eabi/4.9.3/../../../arm-none-eabi/lib/armv7e-m/libg.a(lib_a-strlen.o)
 .debug_frame   0x00000000000025a4       0x34 /usr/lib/gcc/arm-none-eabi/4.9.3/../../../arm-none-eabi/lib/armv7e-m/libg.a(lib_a-__atexit.o)
 .debug_frame   0x00000000000025d8       0x50 /usr/lib/gcc/arm-none-eabi/4.9.3/../../../arm-none-eabi/lib/armv7e-m/libg.a(lib_a-__call_atexit.o)
 .debug_frame   0x0000000000002628      0x124 /usr/lib/gcc/arm-none-eabi/4.9.3/../../../arm-none-eabi/lib/armv7e-m/libg.a(lib_a-findfp.o)
 .debug_frame   0x000000000000274c       0x74 /usr/lib/gcc/arm-none-eabi/4.9.3/../../../arm-none-eabi/lib/armv7e-m/libg.a(lib_a-freer.o)
 .debug_frame   0x00000000000027c0       0x68 /usr/lib/gcc/arm-none-eabi/4.9.3/../../../arm-none-eabi/lib/armv7e-m/libg.a(lib_a-fvwrite.o)
 .debug_frame   0x0000000000002828       0x54 /usr/lib/gcc/arm-none-eabi/4.9.3/../../../arm-none-eabi/lib/armv7e-m/libg.a(lib_a-fwalk.o)
 .debug_frame   0x000000000000287c       0x58 /usr/lib/gcc/arm-none-eabi/4.9.3/../../../arm-none-eabi/lib/armv7e-m/libg.a(lib_a-mallocr.o)
 .debug_frame   0x00000000000028d4       0x3c /usr/lib/gcc/arm-none-eabi/4.9.3/../../../arm-none-eabi/lib/armv7e-m/libg.a(lib_a-memchr.o)
 .debug_frame   0x0000000000002910       0x30 /usr/lib/gcc/arm-none-eabi/4.9.3/../../../arm-none-eabi/lib/armv7e-m/libg.a(lib_a-memmove.o)
 .debug_frame   0x0000000000002940       0x30 /usr/lib/gcc/arm-none-eabi/4.9.3/../../../arm-none-eabi/lib/armv7e-m/libg.a(lib_a-mlock.o)
 .debug_frame   0x0000000000002970       0x60 /usr/lib/gcc/arm-none-eabi/4.9.3/../../../arm-none-eabi/lib/armv7e-m/libg.a(lib_a-reallocr.o)
 .debug_frame   0x00000000000029d0       0x2c /usr/lib/gcc/arm-none-eabi/4.9.3/../../../arm-none-eabi/lib/armv7e-m/libg.a(lib_a-sbrkr.o)
 .debug_frame   0x00000000000029fc       0x88 /usr/lib/gcc/arm-none-eabi/4.9.3/../../../arm-none-eabi/lib/armv7e-m/libg.a(lib_a-stdio.o)
 .debug_frame   0x0000000000002a84       0x2c /usr/lib/gcc/arm-none-eabi/4.9.3/../../../arm-none-eabi/lib/armv7e-m/libg.a(lib_a-writer.o)
 .debug_frame   0x0000000000002ab0       0x2c /usr/lib/gcc/arm-none-eabi/4.9.3/../../../arm-none-eabi/lib/armv7e-m/libg.a(lib_a-wsetup.o)
 .debug_frame   0x0000000000002adc       0x2c /usr/lib/gcc/arm-none-eabi/4.9.3/../../../arm-none-eabi/lib/armv7e-m/libg.a(lib_a-closer.o)
 .debug_frame   0x0000000000002b08       0x44 /usr/lib/gcc/arm-none-eabi/4.9.3/../../../arm-none-eabi/lib/armv7e-m/libg.a(lib_a-fclose.o)
 .debug_frame   0x0000000000002b4c       0x6c /usr/lib/gcc/arm-none-eabi/4.9.3/../../../arm-none-eabi/lib/armv7e-m/libg.a(lib_a-fflush.o)
 .debug_frame   0x0000000000002bb8       0x2c /usr/lib/gcc/arm-none-eabi/4.9.3/../../../arm-none-eabi/lib/armv7e-m/libg.a(lib_a-lseekr.o)
 .debug_frame   0x0000000000002be4       0x48 /usr/lib/gcc/arm-none-eabi/4.9.3/../../../arm-none-eabi/lib/armv7e-m/libg.a(lib_a-makebuf.o)
 .debug_frame   0x0000000000002c2c       0x2c /usr/lib/gcc/arm-none-eabi/4.9.3/../../../arm-none-eabi/lib/armv7e-m/libg.a(lib_a-readr.o)
 .debug_frame   0x0000000000002c58       0x2c /usr/lib/gcc/arm-none-eabi/4.9.3/../../../arm-none-eabi/lib/armv7e-m/libg.a(lib_a-fstatr.o)
 .debug_frame   0x0000000000002c84       0x2c /usr/lib/gcc/arm-none-eabi/4.9.3/../../../arm-none-eabi/lib/armv7e-m/libg.a(lib_a-isattyr.o)

.debug_loc      0x0000000000000000     0x46ed
 .debug_loc     0x0000000000000000       0x2c /usr/lib/gcc/arm-none-eabi/4.9.3/../../../arm-none-eabi/lib/armv7e-m/libg.a(lib_a-atexit.o)
 .debug_loc     0x000000000000002c       0x5c /usr/lib/gcc/arm-none-eabi/4.9.3/../../../arm-none-eabi/lib/armv7e-m/libg.a(lib_a-fini.o)
 .debug_loc     0x0000000000000088       0xae /usr/lib/gcc/arm-none-eabi/4.9.3/../../../arm-none-eabi/lib/armv7e-m/libg.a(lib_a-init.o)
 .debug_loc     0x0000000000000136      0x1ae /usr/lib/gcc/arm-none-eabi/4.9.3/../../../arm-none-eabi/lib/armv7e-m/libg.a(lib_a-memset.o)
 .debug_loc     0x00000000000002e4       0xd2 /usr/lib/gcc/arm-none-eabi/4.9.3/../../../arm-none-eabi/lib/armv7e-m/libg.a(lib_a-puts.o)
 .debug_loc     0x00000000000003b6      0x11d /usr/lib/gcc/arm-none-eabi/4.9.3/../../../arm-none-eabi/lib/armv7e-m/libg.a(lib_a-reent.o)
 .debug_loc     0x00000000000004d3       0x21 /usr/lib/gcc/arm-none-eabi/4.9.3/../../../arm-none-eabi/lib/armv7e-m/libg.a(lib_a-strlen.o)
 .debug_loc     0x00000000000004f4      0x197 /usr/lib/gcc/arm-none-eabi/4.9.3/../../../arm-none-eabi/lib/armv7e-m/libg.a(lib_a-__atexit.o)
 .debug_loc     0x000000000000068b      0x146 /usr/lib/gcc/arm-none-eabi/4.9.3/../../../arm-none-eabi/lib/armv7e-m/libg.a(lib_a-__call_atexit.o)
 .debug_loc     0x00000000000007d1      0x22e /usr/lib/gcc/arm-none-eabi/4.9.3/../../../arm-none-eabi/lib/armv7e-m/libg.a(lib_a-findfp.o)
 .debug_loc     0x00000000000009ff      0x4fd /usr/lib/gcc/arm-none-eabi/4.9.3/../../../arm-none-eabi/lib/armv7e-m/libg.a(lib_a-freer.o)
 .debug_loc     0x0000000000000efc      0x674 /usr/lib/gcc/arm-none-eabi/4.9.3/../../../arm-none-eabi/lib/armv7e-m/libg.a(lib_a-fvwrite.o)
 .debug_loc     0x0000000000001570      0x207 /usr/lib/gcc/arm-none-eabi/4.9.3/../../../arm-none-eabi/lib/armv7e-m/libg.a(lib_a-fwalk.o)
 .debug_loc     0x0000000000001777      0xdc4 /usr/lib/gcc/arm-none-eabi/4.9.3/../../../arm-none-eabi/lib/armv7e-m/libg.a(lib_a-mallocr.o)
 .debug_loc     0x000000000000253b      0x180 /usr/lib/gcc/arm-none-eabi/4.9.3/../../../arm-none-eabi/lib/armv7e-m/libg.a(lib_a-memchr.o)
 .debug_loc     0x00000000000026bb      0x2d7 /usr/lib/gcc/arm-none-eabi/4.9.3/../../../arm-none-eabi/lib/armv7e-m/libg.a(lib_a-memmove.o)
 .debug_loc     0x0000000000002992     0x1218 /usr/lib/gcc/arm-none-eabi/4.9.3/../../../arm-none-eabi/lib/armv7e-m/libg.a(lib_a-reallocr.o)
 .debug_loc     0x0000000000003baa       0x4d /usr/lib/gcc/arm-none-eabi/4.9.3/../../../arm-none-eabi/lib/armv7e-m/libg.a(lib_a-sbrkr.o)
 .debug_loc     0x0000000000003bf7      0x29e /usr/lib/gcc/arm-none-eabi/4.9.3/../../../arm-none-eabi/lib/armv7e-m/libg.a(lib_a-stdio.o)
 .debug_loc     0x0000000000003e95       0xa5 /usr/lib/gcc/arm-none-eabi/4.9.3/../../../arm-none-eabi/lib/armv7e-m/libg.a(lib_a-writer.o)
 .debug_loc     0x0000000000003f3a       0xa2 /usr/lib/gcc/arm-none-eabi/4.9.3/../../../arm-none-eabi/lib/armv7e-m/libg.a(lib_a-wsetup.o)
 .debug_loc     0x0000000000003fdc       0x4d /usr/lib/gcc/arm-none-eabi/4.9.3/../../../arm-none-eabi/lib/armv7e-m/libg.a(lib_a-closer.o)
 .debug_loc     0x0000000000004029      0x151 /usr/lib/gcc/arm-none-eabi/4.9.3/../../../arm-none-eabi/lib/armv7e-m/libg.a(lib_a-fclose.o)
 .debug_loc     0x000000000000417a      0x257 /usr/lib/gcc/arm-none-eabi/4.9.3/../../../arm-none-eabi/lib/armv7e-m/libg.a(lib_a-fflush.o)
 .debug_loc     0x00000000000043d1       0xa5 /usr/lib/gcc/arm-none-eabi/4.9.3/../../../arm-none-eabi/lib/armv7e-m/libg.a(lib_a-lseekr.o)
 .debug_loc     0x0000000000004476      0x10c /usr/lib/gcc/arm-none-eabi/4.9.3/../../../arm-none-eabi/lib/armv7e-m/libg.a(lib_a-makebuf.o)
 .debug_loc     0x0000000000004582       0xa5 /usr/lib/gcc/arm-none-eabi/4.9.3/../../../arm-none-eabi/lib/armv7e-m/libg.a(lib_a-readr.o)
 .debug_loc     0x0000000000004627       0x79 /usr/lib/gcc/arm-none-eabi/4.9.3/../../../arm-none-eabi/lib/armv7e-m/libg.a(lib_a-fstatr.o)
 .debug_loc     0x00000000000046a0       0x4d /usr/lib/gcc/arm-none-eabi/4.9.3/../../../arm-none-eabi/lib/armv7e-m/libg.a(lib_a-isattyr.o)
